2026-04-24 07:32:32 [main] INFO  com.facturacion.FacturacionApp - Iniciando Sistema de Facturaci贸n Electr贸nica...
2026-04-24 07:32:33 [background-preinit] INFO  o.h.validator.internal.util.Version - HV000001: Hibernate Validator 8.0.1.Final
2026-04-24 07:32:33 [main] INFO  com.facturacion.FacturacionApp - Starting FacturacionApp using Java 21.0.10 with PID 24808 (C:\Users\luis2\OneDrive\Desktop\facturacion-electronica\target\classes started by luis2 in C:\Users\luis2\OneDrive\Desktop\facturacion-electronica)
2026-04-24 07:32:33 [main] DEBUG com.facturacion.FacturacionApp - Running with Spring Boot v3.2.0, Spring v6.1.1
2026-04-24 07:32:33 [main] INFO  com.facturacion.FacturacionApp - No active profile set, falling back to 1 default profile: "default"
2026-04-24 07:32:35 [main] INFO  o.s.b.w.e.tomcat.TomcatWebServer - Tomcat initialized with port 8080 (http)
2026-04-24 07:32:35 [main] INFO  o.a.coyote.http11.Http11NioProtocol - Initializing ProtocolHandler ["http-nio-8080"]
2026-04-24 07:32:35 [main] INFO  o.a.catalina.core.StandardService - Starting service [Tomcat]
2026-04-24 07:32:35 [main] INFO  o.a.catalina.core.StandardEngine - Starting Servlet engine: [Apache Tomcat/10.1.16]
2026-04-24 07:32:35 [main] INFO  o.a.c.c.C.[Tomcat].[localhost].[/] - Initializing Spring embedded WebApplicationContext
2026-04-24 07:32:35 [main] INFO  o.s.b.w.s.c.ServletWebServerApplicationContext - Root WebApplicationContext: initialization completed in 2162 ms
2026-04-24 07:32:35 [main] INFO  com.facturacion.FacturacionApp - Iniciando Sistema de Facturaci贸n Electr贸nica...
2026-04-24 07:32:36 [background-preinit] INFO  o.h.validator.internal.util.Version - HV000001: Hibernate Validator 8.0.1.Final
2026-04-24 07:32:36 [main] INFO  com.facturacion.FacturacionApp - Starting FacturacionApp using Java 21.0.10 with PID 25532 (C:\Users\luis2\OneDrive\Desktop\facturacion-electronica\target\classes started by luis2 in C:\Users\luis2\OneDrive\Desktop\facturacion-electronica)
2026-04-24 07:32:36 [main] DEBUG com.facturacion.FacturacionApp - Running with Spring Boot v3.2.0, Spring v6.1.1
2026-04-24 07:32:36 [main] INFO  com.facturacion.FacturacionApp - No active profile set, falling back to 1 default profile: "default"
2026-04-24 07:32:38 [main] INFO  o.s.b.w.e.tomcat.TomcatWebServer - Tomcat initialized with port 8080 (http)
2026-04-24 07:32:38 [main] INFO  o.a.coyote.http11.Http11NioProtocol - Initializing ProtocolHandler ["http-nio-8080"]
2026-04-24 07:32:38 [main] INFO  o.a.catalina.core.StandardService - Starting service [Tomcat]
2026-04-24 07:32:38 [main] INFO  o.a.catalina.core.StandardEngine - Starting Servlet engine: [Apache Tomcat/10.1.16]
2026-04-24 07:32:38 [main] INFO  c.v.f.s.VaadinServletContextInitializer - Search for subclasses and classes with annotations took 2941 ms
2026-04-24 07:32:38 [main] INFO  o.a.c.c.C.[Tomcat].[localhost].[/] - Initializing Spring embedded WebApplicationContext
2026-04-24 07:32:38 [main] INFO  o.s.b.w.s.c.ServletWebServerApplicationContext - Root WebApplicationContext: initialization completed in 2008 ms
2026-04-24 07:32:39 [main] INFO  c.v.b.d.s.DevModeStartupListener - Starting dev-mode updaters in C:\Users\luis2\OneDrive\Desktop\facturacion-electronica\target folder.
2026-04-24 07:32:39 [main] INFO  c.v.f.s.f.s.FullDependenciesScanner - Visited 100 classes. Took 43 ms.
2026-04-24 07:32:39 [main] INFO  c.v.f.s.f.BundleValidationUtil - Checking if a development mode bundle build is needed
2026-04-24 07:32:39 [main] INFO  com.facturacion.FacturacionApp - Iniciando Sistema de Facturaci贸n Electr贸nica...
2026-04-24 07:32:39 [main] INFO  c.v.f.s.f.BundleValidationUtil - A development mode bundle build is not needed
2026-04-24 07:32:39 [ForkJoinPool.commonPool-worker-2] INFO  c.v.f.s.f.TaskCopyFrontendFiles - Copying frontend resources from jar files ...
2026-04-24 07:32:40 [ForkJoinPool.commonPool-worker-2] INFO  c.v.f.s.f.TaskCopyFrontendFiles - Visited 18 resources. Took 518 ms.
2026-04-24 07:32:40 [main] INFO  o.atmosphere.cpr.AtmosphereFramework - Installed AtmosphereHandler com.vaadin.flow.server.communication.PushAtmosphereHandler mapped to context-path: /*
2026-04-24 07:32:40 [main] INFO  o.atmosphere.cpr.AtmosphereFramework - Installed the following AtmosphereInterceptor mapped to AtmosphereHandler com.vaadin.flow.server.communication.PushAtmosphereHandler
2026-04-24 07:32:40 [main] INFO  o.atmosphere.cpr.AtmosphereFramework - Atmosphere is using org.atmosphere.util.VoidAnnotationProcessor for processing annotation
2026-04-24 07:32:40 [main] INFO  org.atmosphere.util.ForkJoinPool - Using ForkJoinPool  java.util.concurrent.ForkJoinPool. Set the org.atmosphere.cpr.broadcaster.maxAsyncWriteThreads to -1 to fully use its power.
2026-04-24 07:32:40 [background-preinit] INFO  o.h.validator.internal.util.Version - HV000001: Hibernate Validator 8.0.1.Final
2026-04-24 07:32:40 [main] INFO  o.atmosphere.cpr.AtmosphereFramework - Installed WebSocketProtocol org.atmosphere.websocket.protocol.SimpleHttpProtocol 
2026-04-24 07:32:40 [main] INFO  o.a.container.JSR356AsyncSupport - JSR 356 Mapping path /VAADIN/push
2026-04-24 07:32:40 [main] INFO  o.atmosphere.cpr.AtmosphereFramework - Installing Default AtmosphereInterceptors
2026-04-24 07:32:40 [main] INFO  o.atmosphere.cpr.AtmosphereFramework - 	org.atmosphere.interceptor.CorsInterceptor : CORS Interceptor Support
2026-04-24 07:32:40 [main] INFO  o.atmosphere.cpr.AtmosphereFramework - 	org.atmosphere.interceptor.CacheHeadersInterceptor : Default Response's Headers Interceptor
2026-04-24 07:32:40 [main] INFO  o.atmosphere.cpr.AtmosphereFramework - 	org.atmosphere.interceptor.PaddingAtmosphereInterceptor : Browser Padding Interceptor Support
2026-04-24 07:32:40 [main] INFO  o.atmosphere.cpr.AtmosphereFramework - 	org.atmosphere.interceptor.AndroidAtmosphereInterceptor : Android Interceptor Support
2026-04-24 07:32:40 [main] INFO  o.atmosphere.cpr.AtmosphereFramework - 	org.atmosphere.interceptor.HeartbeatInterceptor : Heartbeat Interceptor Support
2026-04-24 07:32:40 [main] INFO  o.atmosphere.cpr.AtmosphereFramework - 	org.atmosphere.interceptor.SSEAtmosphereInterceptor : SSE Interceptor Support
2026-04-24 07:32:40 [main] INFO  o.atmosphere.cpr.AtmosphereFramework - 	org.atmosphere.interceptor.JSONPAtmosphereInterceptor : JSONP Interceptor Support
2026-04-24 07:32:40 [main] INFO  o.atmosphere.cpr.AtmosphereFramework - 	org.atmosphere.interceptor.JavaScriptProtocol : Atmosphere JavaScript Protocol
2026-04-24 07:32:40 [main] INFO  o.atmosphere.cpr.AtmosphereFramework - 	org.atmosphere.interceptor.WebSocketMessageSuspendInterceptor : org.atmosphere.interceptor.WebSocketMessageSuspendInterceptor
2026-04-24 07:32:40 [main] INFO  o.atmosphere.cpr.AtmosphereFramework - 	org.atmosphere.interceptor.OnDisconnectInterceptor : Browser disconnection detection
2026-04-24 07:32:40 [main] INFO  o.atmosphere.cpr.AtmosphereFramework - 	org.atmosphere.interceptor.IdleResourceInterceptor : org.atmosphere.interceptor.IdleResourceInterceptor
2026-04-24 07:32:40 [main] INFO  o.atmosphere.cpr.AtmosphereFramework - Set org.atmosphere.cpr.AtmosphereInterceptor.disableDefaults to disable them.
2026-04-24 07:32:40 [main] INFO  o.atmosphere.cpr.AtmosphereFramework - Installed AtmosphereInterceptor CORS Interceptor Support with priority FIRST_BEFORE_DEFAULT 
2026-04-24 07:32:40 [main] INFO  o.atmosphere.cpr.AtmosphereFramework - Installed AtmosphereInterceptor Default Response's Headers Interceptor with priority AFTER_DEFAULT 
2026-04-24 07:32:40 [main] INFO  o.atmosphere.cpr.AtmosphereFramework - Installed AtmosphereInterceptor Browser Padding Interceptor Support with priority AFTER_DEFAULT 
2026-04-24 07:32:40 [main] INFO  o.atmosphere.cpr.AtmosphereFramework - Installed AtmosphereInterceptor Android Interceptor Support with priority AFTER_DEFAULT 
2026-04-24 07:32:40 [main] INFO  o.a.interceptor.HeartbeatInterceptor - HeartbeatInterceptor configured with padding value 'X', client frequency 0 seconds and server frequency 60 seconds
2026-04-24 07:32:40 [main] INFO  o.atmosphere.cpr.AtmosphereFramework - Installed AtmosphereInterceptor Heartbeat Interceptor Support with priority AFTER_DEFAULT 
2026-04-24 07:32:40 [main] INFO  o.atmosphere.cpr.AtmosphereFramework - Installed AtmosphereInterceptor SSE Interceptor Support with priority AFTER_DEFAULT 
2026-04-24 07:32:40 [main] INFO  o.atmosphere.cpr.AtmosphereFramework - Installed AtmosphereInterceptor JSONP Interceptor Support with priority AFTER_DEFAULT 
2026-04-24 07:32:40 [main] INFO  o.atmosphere.cpr.AtmosphereFramework - Installed AtmosphereInterceptor Atmosphere JavaScript Protocol with priority AFTER_DEFAULT 
2026-04-24 07:32:40 [main] INFO  o.atmosphere.cpr.AtmosphereFramework - Installed AtmosphereInterceptor org.atmosphere.interceptor.WebSocketMessageSuspendInterceptor with priority AFTER_DEFAULT 
2026-04-24 07:32:40 [main] INFO  o.atmosphere.cpr.AtmosphereFramework - Installed AtmosphereInterceptor Browser disconnection detection with priority AFTER_DEFAULT 
2026-04-24 07:32:40 [main] INFO  o.atmosphere.cpr.AtmosphereFramework - Installed AtmosphereInterceptor org.atmosphere.interceptor.IdleResourceInterceptor with priority BEFORE_DEFAULT 
2026-04-24 07:32:40 [main] INFO  o.atmosphere.cpr.AtmosphereFramework - Using EndpointMapper class org.atmosphere.util.DefaultEndpointMapper
2026-04-24 07:32:40 [main] INFO  o.atmosphere.cpr.AtmosphereFramework - Using BroadcasterCache: org.atmosphere.cache.UUIDBroadcasterCache
2026-04-24 07:32:40 [main] INFO  o.atmosphere.cpr.AtmosphereFramework - Default Broadcaster Class: org.atmosphere.cpr.DefaultBroadcaster
2026-04-24 07:32:40 [main] INFO  o.atmosphere.cpr.AtmosphereFramework - Broadcaster Shared List Resources: false
2026-04-24 07:32:40 [main] INFO  o.atmosphere.cpr.AtmosphereFramework - Broadcaster Polling Wait Time 100
2026-04-24 07:32:40 [main] INFO  o.atmosphere.cpr.AtmosphereFramework - Shared ExecutorService supported: true
2026-04-24 07:32:40 [main] INFO  o.atmosphere.cpr.AtmosphereFramework - Messaging ExecutorService Pool Size unavailable - Not instance of ThreadPoolExecutor
2026-04-24 07:32:40 [main] INFO  o.atmosphere.cpr.AtmosphereFramework - Async I/O Thread Pool Size: 200
2026-04-24 07:32:40 [main] INFO  o.atmosphere.cpr.AtmosphereFramework - Using BroadcasterFactory: org.atmosphere.cpr.DefaultBroadcasterFactory
2026-04-24 07:32:40 [main] INFO  o.atmosphere.cpr.AtmosphereFramework - Using AtmosphereResurceFactory: org.atmosphere.cpr.DefaultAtmosphereResourceFactory
2026-04-24 07:32:40 [main] INFO  o.atmosphere.cpr.AtmosphereFramework - Using WebSocketProcessor: org.atmosphere.websocket.DefaultWebSocketProcessor
2026-04-24 07:32:40 [main] INFO  o.atmosphere.cpr.AtmosphereFramework - Invoke AtmosphereInterceptor on WebSocket message true
2026-04-24 07:32:40 [main] INFO  o.atmosphere.cpr.AtmosphereFramework - HttpSession supported: true
2026-04-24 07:32:40 [main] INFO  o.atmosphere.cpr.AtmosphereFramework - Atmosphere is using DefaultAtmosphereObjectFactory for dependency injection and object creation
2026-04-24 07:32:40 [main] INFO  o.atmosphere.cpr.AtmosphereFramework - Atmosphere is using async support: org.atmosphere.container.JSR356AsyncSupport running under container: Apache Tomcat/10.1.16 using jakarta.servlet/3.0 and jsr356/WebSocket API
2026-04-24 07:32:40 [main] INFO  o.atmosphere.cpr.AtmosphereFramework - Atmosphere Framework 3.0.3.slf4jvaadin2 started.
2026-04-24 07:32:40 [main] INFO  o.atmosphere.cpr.AtmosphereFramework - Installed AtmosphereInterceptor  Track Message Size Interceptor using | with priority BEFORE_DEFAULT 
2026-04-24 07:32:40 [main] INFO  com.facturacion.FacturacionApp - Starting FacturacionApp using Java 21.0.10 with PID 13920 (C:\Users\luis2\OneDrive\Desktop\facturacion-electronica\target\classes started by luis2 in C:\Users\luis2\OneDrive\Desktop\facturacion-electronica)
2026-04-24 07:32:40 [main] DEBUG com.facturacion.FacturacionApp - Running with Spring Boot v3.2.0, Spring v6.1.1
2026-04-24 07:32:40 [main] INFO  com.facturacion.FacturacionApp - No active profile set, falling back to 1 default profile: "default"
2026-04-24 07:32:40 [main] INFO  o.a.coyote.http11.Http11NioProtocol - Starting ProtocolHandler ["http-nio-8080"]
2026-04-24 07:32:40 [main] INFO  c.v.f.s.DefaultDeploymentConfiguration - 
Vaadin is running in DEVELOPMENT mode - do not use for production deployments.
2026-04-24 07:32:40 [main] INFO  o.s.b.w.e.tomcat.TomcatWebServer - Tomcat started on port 8080 (http) with context path ''
2026-04-24 07:32:40 [main] INFO  com.facturacion.FacturacionApp - Started FacturacionApp in 8.274 seconds (process running for 9.451)
2026-04-24 07:32:41 [main] INFO  com.facturacion.FacturacionApp - Sistema iniciado correctamente en http://localhost:8080
2026-04-24 07:32:42 [main] INFO  c.v.f.s.VaadinServletContextInitializer - Search for subclasses and classes with annotations took 3091 ms
2026-04-24 07:32:42 [main] INFO  o.s.b.w.e.tomcat.TomcatWebServer - Tomcat initialized with port 8080 (http)
2026-04-24 07:32:42 [main] INFO  o.a.coyote.http11.Http11NioProtocol - Initializing ProtocolHandler ["http-nio-8080"]
2026-04-24 07:32:42 [main] INFO  o.a.catalina.core.StandardService - Starting service [Tomcat]
2026-04-24 07:32:42 [main] INFO  o.a.catalina.core.StandardEngine - Starting Servlet engine: [Apache Tomcat/10.1.16]
2026-04-24 07:32:42 [main] INFO  o.a.c.c.C.[Tomcat].[localhost].[/] - Initializing Spring embedded WebApplicationContext
2026-04-24 07:32:42 [main] INFO  o.s.b.w.s.c.ServletWebServerApplicationContext - Root WebApplicationContext: initialization completed in 2028 ms
2026-04-24 07:32:42 [main] INFO  c.v.b.d.s.DevModeStartupListener - Starting dev-mode updaters in C:\Users\luis2\OneDrive\Desktop\facturacion-electronica\target folder.
2026-04-24 07:32:42 [main] INFO  c.v.f.s.f.s.FullDependenciesScanner - Visited 100 classes. Took 37 ms.
2026-04-24 07:32:42 [main] INFO  c.v.f.s.f.BundleValidationUtil - Checking if a development mode bundle build is needed
2026-04-24 07:32:43 [main] INFO  c.v.f.s.f.BundleValidationUtil - A development mode bundle build is not needed
2026-04-24 07:32:43 [ForkJoinPool.commonPool-worker-1] INFO  c.v.f.s.f.TaskCopyFrontendFiles - Copying frontend resources from jar files ...
2026-04-24 07:32:43 [http-nio-8080-exec-1] INFO  o.a.c.c.C.[Tomcat].[localhost].[/] - Initializing Spring DispatcherServlet 'dispatcherServlet'
2026-04-24 07:32:43 [http-nio-8080-exec-1] INFO  o.s.web.servlet.DispatcherServlet - Initializing Servlet 'dispatcherServlet'
2026-04-24 07:32:43 [http-nio-8080-exec-1] INFO  o.s.web.servlet.DispatcherServlet - Completed initialization in 1 ms
2026-04-24 07:32:43 [http-nio-8080-exec-1] INFO  c.v.flow.spring.SpringInstantiator - The number of beans implementing 'I18NProvider' is 0. Cannot use Spring beans for I18N, falling back to the default behavior
2026-04-24 07:32:43 [ForkJoinPool.commonPool-worker-1] INFO  c.v.f.s.f.TaskCopyFrontendFiles - Visited 18 resources. Took 533 ms.
2026-04-24 07:32:44 [main] INFO  o.atmosphere.cpr.AtmosphereFramework - Installed AtmosphereHandler com.vaadin.flow.server.communication.PushAtmosphereHandler mapped to context-path: /*
2026-04-24 07:32:44 [main] INFO  o.atmosphere.cpr.AtmosphereFramework - Installed the following AtmosphereInterceptor mapped to AtmosphereHandler com.vaadin.flow.server.communication.PushAtmosphereHandler
2026-04-24 07:32:44 [main] INFO  o.atmosphere.cpr.AtmosphereFramework - Atmosphere is using org.atmosphere.util.VoidAnnotationProcessor for processing annotation
2026-04-24 07:32:44 [main] INFO  org.atmosphere.util.ForkJoinPool - Using ForkJoinPool  java.util.concurrent.ForkJoinPool. Set the org.atmosphere.cpr.broadcaster.maxAsyncWriteThreads to -1 to fully use its power.
2026-04-24 07:32:44 [main] INFO  o.atmosphere.cpr.AtmosphereFramework - Installed WebSocketProtocol org.atmosphere.websocket.protocol.SimpleHttpProtocol 
2026-04-24 07:32:44 [main] INFO  o.a.container.JSR356AsyncSupport - JSR 356 Mapping path /VAADIN/push
2026-04-24 07:32:44 [main] INFO  o.atmosphere.cpr.AtmosphereFramework - Installing Default AtmosphereInterceptors
2026-04-24 07:32:44 [main] INFO  o.atmosphere.cpr.AtmosphereFramework - 	org.atmosphere.interceptor.CorsInterceptor : CORS Interceptor Support
2026-04-24 07:32:44 [main] INFO  o.atmosphere.cpr.AtmosphereFramework - 	org.atmosphere.interceptor.CacheHeadersInterceptor : Default Response's Headers Interceptor
2026-04-24 07:32:44 [main] INFO  o.atmosphere.cpr.AtmosphereFramework - 	org.atmosphere.interceptor.PaddingAtmosphereInterceptor : Browser Padding Interceptor Support
2026-04-24 07:32:44 [main] INFO  o.atmosphere.cpr.AtmosphereFramework - 	org.atmosphere.interceptor.AndroidAtmosphereInterceptor : Android Interceptor Support
2026-04-24 07:32:44 [main] INFO  o.atmosphere.cpr.AtmosphereFramework - 	org.atmosphere.interceptor.HeartbeatInterceptor : Heartbeat Interceptor Support
2026-04-24 07:32:44 [main] INFO  o.atmosphere.cpr.AtmosphereFramework - 	org.atmosphere.interceptor.SSEAtmosphereInterceptor : SSE Interceptor Support
2026-04-24 07:32:44 [main] INFO  o.atmosphere.cpr.AtmosphereFramework - 	org.atmosphere.interceptor.JSONPAtmosphereInterceptor : JSONP Interceptor Support
2026-04-24 07:32:44 [main] INFO  o.atmosphere.cpr.AtmosphereFramework - 	org.atmosphere.interceptor.JavaScriptProtocol : Atmosphere JavaScript Protocol
2026-04-24 07:32:44 [main] INFO  o.atmosphere.cpr.AtmosphereFramework - 	org.atmosphere.interceptor.WebSocketMessageSuspendInterceptor : org.atmosphere.interceptor.WebSocketMessageSuspendInterceptor
2026-04-24 07:32:44 [main] INFO  o.atmosphere.cpr.AtmosphereFramework - 	org.atmosphere.interceptor.OnDisconnectInterceptor : Browser disconnection detection
2026-04-24 07:32:44 [main] INFO  o.atmosphere.cpr.AtmosphereFramework - 	org.atmosphere.interceptor.IdleResourceInterceptor : org.atmosphere.interceptor.IdleResourceInterceptor
2026-04-24 07:32:44 [main] INFO  o.atmosphere.cpr.AtmosphereFramework - Set org.atmosphere.cpr.AtmosphereInterceptor.disableDefaults to disable them.
2026-04-24 07:32:44 [main] INFO  o.atmosphere.cpr.AtmosphereFramework - Installed AtmosphereInterceptor CORS Interceptor Support with priority FIRST_BEFORE_DEFAULT 
2026-04-24 07:32:44 [main] INFO  o.atmosphere.cpr.AtmosphereFramework - Installed AtmosphereInterceptor Default Response's Headers Interceptor with priority AFTER_DEFAULT 
2026-04-24 07:32:44 [main] INFO  o.atmosphere.cpr.AtmosphereFramework - Installed AtmosphereInterceptor Browser Padding Interceptor Support with priority AFTER_DEFAULT 
2026-04-24 07:32:44 [main] INFO  o.atmosphere.cpr.AtmosphereFramework - Installed AtmosphereInterceptor Android Interceptor Support with priority AFTER_DEFAULT 
2026-04-24 07:32:44 [main] INFO  o.a.interceptor.HeartbeatInterceptor - HeartbeatInterceptor configured with padding value 'X', client frequency 0 seconds and server frequency 60 seconds
2026-04-24 07:32:44 [main] INFO  o.atmosphere.cpr.AtmosphereFramework - Installed AtmosphereInterceptor Heartbeat Interceptor Support with priority AFTER_DEFAULT 
2026-04-24 07:32:44 [main] INFO  o.atmosphere.cpr.AtmosphereFramework - Installed AtmosphereInterceptor SSE Interceptor Support with priority AFTER_DEFAULT 
2026-04-24 07:32:44 [main] INFO  o.atmosphere.cpr.AtmosphereFramework - Installed AtmosphereInterceptor JSONP Interceptor Support with priority AFTER_DEFAULT 
2026-04-24 07:32:44 [main] INFO  o.atmosphere.cpr.AtmosphereFramework - Installed AtmosphereInterceptor Atmosphere JavaScript Protocol with priority AFTER_DEFAULT 
2026-04-24 07:32:44 [main] INFO  o.atmosphere.cpr.AtmosphereFramework - Installed AtmosphereInterceptor org.atmosphere.interceptor.WebSocketMessageSuspendInterceptor with priority AFTER_DEFAULT 
2026-04-24 07:32:44 [main] INFO  o.atmosphere.cpr.AtmosphereFramework - Installed AtmosphereInterceptor Browser disconnection detection with priority AFTER_DEFAULT 
2026-04-24 07:32:44 [main] INFO  o.atmosphere.cpr.AtmosphereFramework - Installed AtmosphereInterceptor org.atmosphere.interceptor.IdleResourceInterceptor with priority BEFORE_DEFAULT 
2026-04-24 07:32:44 [main] INFO  o.atmosphere.cpr.AtmosphereFramework - Using EndpointMapper class org.atmosphere.util.DefaultEndpointMapper
2026-04-24 07:32:44 [main] INFO  o.atmosphere.cpr.AtmosphereFramework - Using BroadcasterCache: org.atmosphere.cache.UUIDBroadcasterCache
2026-04-24 07:32:44 [main] INFO  o.atmosphere.cpr.AtmosphereFramework - Default Broadcaster Class: org.atmosphere.cpr.DefaultBroadcaster
2026-04-24 07:32:44 [main] INFO  o.atmosphere.cpr.AtmosphereFramework - Broadcaster Shared List Resources: false
2026-04-24 07:32:44 [main] INFO  o.atmosphere.cpr.AtmosphereFramework - Broadcaster Polling Wait Time 100
2026-04-24 07:32:44 [main] INFO  o.atmosphere.cpr.AtmosphereFramework - Shared ExecutorService supported: true
2026-04-24 07:32:44 [main] INFO  o.atmosphere.cpr.AtmosphereFramework - Messaging ExecutorService Pool Size unavailable - Not instance of ThreadPoolExecutor
2026-04-24 07:32:44 [main] INFO  o.atmosphere.cpr.AtmosphereFramework - Async I/O Thread Pool Size: 200
2026-04-24 07:32:44 [main] INFO  o.atmosphere.cpr.AtmosphereFramework - Using BroadcasterFactory: org.atmosphere.cpr.DefaultBroadcasterFactory
2026-04-24 07:32:44 [main] INFO  o.atmosphere.cpr.AtmosphereFramework - Using AtmosphereResurceFactory: org.atmosphere.cpr.DefaultAtmosphereResourceFactory
2026-04-24 07:32:44 [main] INFO  o.atmosphere.cpr.AtmosphereFramework - Using WebSocketProcessor: org.atmosphere.websocket.DefaultWebSocketProcessor
2026-04-24 07:32:44 [main] INFO  o.atmosphere.cpr.AtmosphereFramework - Invoke AtmosphereInterceptor on WebSocket message true
2026-04-24 07:32:44 [main] INFO  o.atmosphere.cpr.AtmosphereFramework - HttpSession supported: true
2026-04-24 07:32:44 [main] INFO  o.atmosphere.cpr.AtmosphereFramework - Atmosphere is using DefaultAtmosphereObjectFactory for dependency injection and object creation
2026-04-24 07:32:44 [main] INFO  o.atmosphere.cpr.AtmosphereFramework - Atmosphere is using async support: org.atmosphere.container.JSR356AsyncSupport running under container: Apache Tomcat/10.1.16 using jakarta.servlet/3.0 and jsr356/WebSocket API
2026-04-24 07:32:44 [main] INFO  o.atmosphere.cpr.AtmosphereFramework - Atmosphere Framework 3.0.3.slf4jvaadin2 started.
2026-04-24 07:32:44 [main] INFO  o.atmosphere.cpr.AtmosphereFramework - Installed AtmosphereInterceptor  Track Message Size Interceptor using | with priority BEFORE_DEFAULT 
2026-04-24 07:32:44 [main] INFO  o.a.coyote.http11.Http11NioProtocol - Starting ProtocolHandler ["http-nio-8080"]
2026-04-24 07:32:44 [main] WARN  o.s.b.w.s.c.AnnotationConfigServletWebServerApplicationContext - Exception encountered during context initialization - cancelling refresh attempt: org.springframework.context.ApplicationContextException: Failed to start bean 'webServerStartStop'
2026-04-24 07:32:44 [main] INFO  o.s.b.a.l.ConditionEvaluationReportLogger - 

Error starting ApplicationContext. To display the condition evaluation report re-run your application with 'debug' enabled.
2026-04-24 07:32:44 [main] ERROR o.s.b.d.LoggingFailureAnalysisReporter - 

***************************
APPLICATION FAILED TO START
***************************

Description:

Web server failed to start. Port 8080 was already in use.

Action:

Identify and stop the process that's listening on port 8080 or configure this application to listen on another port.

2026-04-24 07:32:46 [http-nio-8080-exec-8] INFO  com.zaxxer.hikari.HikariDataSource - FacturacionPool - Starting...
2026-04-24 07:32:46 [http-nio-8080-exec-8] INFO  com.zaxxer.hikari.pool.HikariPool - FacturacionPool - Added connection org.postgresql.jdbc.PgConnection@73c3cfd5
2026-04-24 07:32:46 [http-nio-8080-exec-8] INFO  com.zaxxer.hikari.HikariDataSource - FacturacionPool - Start completed.
2026-04-24 07:32:46 [http-nio-8080-exec-8] INFO  c.f.config.DatabaseConnection - Pool de conexiones HikariCP inicializado correctamente.
2026-04-24 07:32:47 [main] INFO  c.v.f.s.VaadinServletContextInitializer - Search for subclasses and classes with annotations took 4488 ms
2026-04-24 07:32:48 [main] INFO  c.v.b.d.s.DevModeStartupListener - Starting dev-mode updaters in C:\Users\luis2\OneDrive\Desktop\facturacion-electronica\target folder.
2026-04-24 07:32:48 [main] INFO  c.v.f.s.f.s.FullDependenciesScanner - Visited 100 classes. Took 58 ms.
2026-04-24 07:32:49 [main] INFO  c.v.f.s.f.BundleValidationUtil - Checking if a development mode bundle build is needed
2026-04-24 07:32:49 [main] INFO  c.v.f.s.f.BundleValidationUtil - A development mode bundle build is not needed
2026-04-24 07:32:49 [ForkJoinPool.commonPool-worker-1] INFO  c.v.f.s.f.TaskCopyFrontendFiles - Copying frontend resources from jar files ...
2026-04-24 07:32:50 [ForkJoinPool.commonPool-worker-1] INFO  c.v.f.s.f.TaskCopyFrontendFiles - Visited 18 resources. Took 420 ms.
2026-04-24 07:32:50 [main] INFO  o.atmosphere.cpr.AtmosphereFramework - Installed AtmosphereHandler com.vaadin.flow.server.communication.PushAtmosphereHandler mapped to context-path: /*
2026-04-24 07:32:50 [main] INFO  o.atmosphere.cpr.AtmosphereFramework - Installed the following AtmosphereInterceptor mapped to AtmosphereHandler com.vaadin.flow.server.communication.PushAtmosphereHandler
2026-04-24 07:32:50 [main] INFO  o.atmosphere.cpr.AtmosphereFramework - Atmosphere is using org.atmosphere.util.VoidAnnotationProcessor for processing annotation
2026-04-24 07:32:50 [main] INFO  org.atmosphere.util.ForkJoinPool - Using ForkJoinPool  java.util.concurrent.ForkJoinPool. Set the org.atmosphere.cpr.broadcaster.maxAsyncWriteThreads to -1 to fully use its power.
2026-04-24 07:32:50 [main] INFO  o.atmosphere.cpr.AtmosphereFramework - Installed WebSocketProtocol org.atmosphere.websocket.protocol.SimpleHttpProtocol 
2026-04-24 07:32:50 [main] INFO  o.a.container.JSR356AsyncSupport - JSR 356 Mapping path /VAADIN/push
2026-04-24 07:32:50 [main] INFO  o.atmosphere.cpr.AtmosphereFramework - Installing Default AtmosphereInterceptors
2026-04-24 07:32:50 [main] INFO  o.atmosphere.cpr.AtmosphereFramework - 	org.atmosphere.interceptor.CorsInterceptor : CORS Interceptor Support
2026-04-24 07:32:50 [main] INFO  o.atmosphere.cpr.AtmosphereFramework - 	org.atmosphere.interceptor.CacheHeadersInterceptor : Default Response's Headers Interceptor
2026-04-24 07:32:50 [main] INFO  o.atmosphere.cpr.AtmosphereFramework - 	org.atmosphere.interceptor.PaddingAtmosphereInterceptor : Browser Padding Interceptor Support
2026-04-24 07:32:50 [main] INFO  o.atmosphere.cpr.AtmosphereFramework - 	org.atmosphere.interceptor.AndroidAtmosphereInterceptor : Android Interceptor Support
2026-04-24 07:32:50 [main] INFO  o.atmosphere.cpr.AtmosphereFramework - 	org.atmosphere.interceptor.HeartbeatInterceptor : Heartbeat Interceptor Support
2026-04-24 07:32:50 [main] INFO  o.atmosphere.cpr.AtmosphereFramework - 	org.atmosphere.interceptor.SSEAtmosphereInterceptor : SSE Interceptor Support
2026-04-24 07:32:50 [main] INFO  o.atmosphere.cpr.AtmosphereFramework - 	org.atmosphere.interceptor.JSONPAtmosphereInterceptor : JSONP Interceptor Support
2026-04-24 07:32:50 [main] INFO  o.atmosphere.cpr.AtmosphereFramework - 	org.atmosphere.interceptor.JavaScriptProtocol : Atmosphere JavaScript Protocol
2026-04-24 07:32:50 [main] INFO  o.atmosphere.cpr.AtmosphereFramework - 	org.atmosphere.interceptor.WebSocketMessageSuspendInterceptor : org.atmosphere.interceptor.WebSocketMessageSuspendInterceptor
2026-04-24 07:32:50 [main] INFO  o.atmosphere.cpr.AtmosphereFramework - 	org.atmosphere.interceptor.OnDisconnectInterceptor : Browser disconnection detection
2026-04-24 07:32:50 [main] INFO  o.atmosphere.cpr.AtmosphereFramework - 	org.atmosphere.interceptor.IdleResourceInterceptor : org.atmosphere.interceptor.IdleResourceInterceptor
2026-04-24 07:32:50 [main] INFO  o.atmosphere.cpr.AtmosphereFramework - Set org.atmosphere.cpr.AtmosphereInterceptor.disableDefaults to disable them.
2026-04-24 07:32:50 [main] INFO  o.atmosphere.cpr.AtmosphereFramework - Installed AtmosphereInterceptor CORS Interceptor Support with priority FIRST_BEFORE_DEFAULT 
2026-04-24 07:32:50 [main] INFO  o.atmosphere.cpr.AtmosphereFramework - Installed AtmosphereInterceptor Default Response's Headers Interceptor with priority AFTER_DEFAULT 
2026-04-24 07:32:50 [main] INFO  o.atmosphere.cpr.AtmosphereFramework - Installed AtmosphereInterceptor Browser Padding Interceptor Support with priority AFTER_DEFAULT 
2026-04-24 07:32:50 [main] INFO  o.atmosphere.cpr.AtmosphereFramework - Installed AtmosphereInterceptor Android Interceptor Support with priority AFTER_DEFAULT 
2026-04-24 07:32:50 [main] INFO  o.a.interceptor.HeartbeatInterceptor - HeartbeatInterceptor configured with padding value 'X', client frequency 0 seconds and server frequency 60 seconds
2026-04-24 07:32:50 [main] INFO  o.atmosphere.cpr.AtmosphereFramework - Installed AtmosphereInterceptor Heartbeat Interceptor Support with priority AFTER_DEFAULT 
2026-04-24 07:32:50 [main] INFO  o.atmosphere.cpr.AtmosphereFramework - Installed AtmosphereInterceptor SSE Interceptor Support with priority AFTER_DEFAULT 
2026-04-24 07:32:50 [main] INFO  o.atmosphere.cpr.AtmosphereFramework - Installed AtmosphereInterceptor JSONP Interceptor Support with priority AFTER_DEFAULT 
2026-04-24 07:32:50 [main] INFO  o.atmosphere.cpr.AtmosphereFramework - Installed AtmosphereInterceptor Atmosphere JavaScript Protocol with priority AFTER_DEFAULT 
2026-04-24 07:32:50 [main] INFO  o.atmosphere.cpr.AtmosphereFramework - Installed AtmosphereInterceptor org.atmosphere.interceptor.WebSocketMessageSuspendInterceptor with priority AFTER_DEFAULT 
2026-04-24 07:32:50 [main] INFO  o.atmosphere.cpr.AtmosphereFramework - Installed AtmosphereInterceptor Browser disconnection detection with priority AFTER_DEFAULT 
2026-04-24 07:32:50 [main] INFO  o.atmosphere.cpr.AtmosphereFramework - Installed AtmosphereInterceptor org.atmosphere.interceptor.IdleResourceInterceptor with priority BEFORE_DEFAULT 
2026-04-24 07:32:50 [main] INFO  o.atmosphere.cpr.AtmosphereFramework - Using EndpointMapper class org.atmosphere.util.DefaultEndpointMapper
2026-04-24 07:32:50 [main] INFO  o.atmosphere.cpr.AtmosphereFramework - Using BroadcasterCache: org.atmosphere.cache.UUIDBroadcasterCache
2026-04-24 07:32:50 [main] INFO  o.atmosphere.cpr.AtmosphereFramework - Default Broadcaster Class: org.atmosphere.cpr.DefaultBroadcaster
2026-04-24 07:32:50 [main] INFO  o.atmosphere.cpr.AtmosphereFramework - Broadcaster Shared List Resources: false
2026-04-24 07:32:50 [main] INFO  o.atmosphere.cpr.AtmosphereFramework - Broadcaster Polling Wait Time 100
2026-04-24 07:32:50 [main] INFO  o.atmosphere.cpr.AtmosphereFramework - Shared ExecutorService supported: true
2026-04-24 07:32:50 [main] INFO  o.atmosphere.cpr.AtmosphereFramework - Messaging ExecutorService Pool Size unavailable - Not instance of ThreadPoolExecutor
2026-04-24 07:32:50 [main] INFO  o.atmosphere.cpr.AtmosphereFramework - Async I/O Thread Pool Size: 200
2026-04-24 07:32:50 [main] INFO  o.atmosphere.cpr.AtmosphereFramework - Using BroadcasterFactory: org.atmosphere.cpr.DefaultBroadcasterFactory
2026-04-24 07:32:50 [main] INFO  o.atmosphere.cpr.AtmosphereFramework - Using AtmosphereResurceFactory: org.atmosphere.cpr.DefaultAtmosphereResourceFactory
2026-04-24 07:32:50 [main] INFO  o.atmosphere.cpr.AtmosphereFramework - Using WebSocketProcessor: org.atmosphere.websocket.DefaultWebSocketProcessor
2026-04-24 07:32:50 [main] INFO  o.atmosphere.cpr.AtmosphereFramework - Invoke AtmosphereInterceptor on WebSocket message true
2026-04-24 07:32:50 [main] INFO  o.atmosphere.cpr.AtmosphereFramework - HttpSession supported: true
2026-04-24 07:32:50 [main] INFO  o.atmosphere.cpr.AtmosphereFramework - Atmosphere is using DefaultAtmosphereObjectFactory for dependency injection and object creation
2026-04-24 07:32:50 [main] INFO  o.atmosphere.cpr.AtmosphereFramework - Atmosphere is using async support: org.atmosphere.container.JSR356AsyncSupport running under container: Apache Tomcat/10.1.16 using jakarta.servlet/3.0 and jsr356/WebSocket API
2026-04-24 07:32:50 [main] INFO  o.atmosphere.cpr.AtmosphereFramework - Atmosphere Framework 3.0.3.slf4jvaadin2 started.
2026-04-24 07:32:50 [main] INFO  o.atmosphere.cpr.AtmosphereFramework - Installed AtmosphereInterceptor  Track Message Size Interceptor using | with priority BEFORE_DEFAULT 
2026-04-24 07:32:50 [main] INFO  o.a.coyote.http11.Http11NioProtocol - Starting ProtocolHandler ["http-nio-8080"]
2026-04-24 07:32:50 [main] WARN  o.s.b.w.s.c.AnnotationConfigServletWebServerApplicationContext - Exception encountered during context initialization - cancelling refresh attempt: org.springframework.context.ApplicationContextException: Failed to start bean 'webServerStartStop'
2026-04-24 07:32:50 [main] INFO  o.s.b.a.l.ConditionEvaluationReportLogger - 

Error starting ApplicationContext. To display the condition evaluation report re-run your application with 'debug' enabled.
2026-04-24 07:32:50 [main] ERROR o.s.b.d.LoggingFailureAnalysisReporter - 

***************************
APPLICATION FAILED TO START
***************************

Description:

Web server failed to start. Port 8080 was already in use.

Action:

Identify and stop the process that's listening on port 8080 or configure this application to listen on another port.

2026-04-24 07:33:22 [http-nio-8080-exec-3] INFO  com.facturacion.dao.ClienteDAO - Cliente ID=2 actualizado.
2026-04-24 08:44:39 [main] INFO  com.facturacion.FacturacionApp - Iniciando Sistema de Facturaci贸n Electr贸nica...
2026-04-24 08:44:39 [main] INFO  com.facturacion.FacturacionApp - Iniciando Sistema de Facturaci Electrica...
2026-04-24 08:44:39 [background-preinit] INFO  o.h.validator.internal.util.Version - HV000001: Hibernate Validator 8.0.1.Final
2026-04-24 08:44:39 [main] INFO  com.facturacion.FacturacionApp - Starting FacturacionApp using Java 21.0.10 with PID 17584 (C:\Users\luis2\OneDrive\Desktop\facturacion-electronica\target\classes started by luis2 in C:\Users\luis2\OneDrive\Desktop\facturacion-electronica)
2026-04-24 08:44:39 [main] DEBUG com.facturacion.FacturacionApp - Running with Spring Boot v3.2.0, Spring v6.1.1
2026-04-24 08:44:39 [main] INFO  com.facturacion.FacturacionApp - No active profile set, falling back to 1 default profile: "default"
2026-04-24 08:44:40 [background-preinit] INFO  o.h.validator.internal.util.Version - HV000001: Hibernate Validator 8.0.1.Final
2026-04-24 08:44:40 [main] INFO  com.facturacion.FacturacionApp - Starting FacturacionApp using Java 21.0.10 with PID 6468 (C:\Users\luis2\OneDrive\Desktop\facturacion-electronica\target\classes started by luis2 in C:\Users\luis2\OneDrive\Desktop\facturacion-electronica)
2026-04-24 08:44:40 [main] DEBUG com.facturacion.FacturacionApp - Running with Spring Boot v3.2.0, Spring v6.1.1
2026-04-24 08:44:40 [main] INFO  com.facturacion.FacturacionApp - No active profile set, falling back to 1 default profile: "default"
2026-04-24 08:44:41 [main] INFO  o.s.b.w.e.tomcat.TomcatWebServer - Tomcat initialized with port 8080 (http)
2026-04-24 08:44:41 [main] INFO  o.a.coyote.http11.Http11NioProtocol - Initializing ProtocolHandler ["http-nio-8080"]
2026-04-24 08:44:41 [main] INFO  o.a.catalina.core.StandardService - Starting service [Tomcat]
2026-04-24 08:44:41 [main] INFO  o.a.catalina.core.StandardEngine - Starting Servlet engine: [Apache Tomcat/10.1.16]
2026-04-24 08:44:41 [main] INFO  o.a.c.c.C.[Tomcat].[localhost].[/] - Initializing Spring embedded WebApplicationContext
2026-04-24 08:44:41 [main] INFO  o.s.b.w.s.c.ServletWebServerApplicationContext - Root WebApplicationContext: initialization completed in 1884 ms
2026-04-24 08:44:42 [main] INFO  o.s.b.w.e.tomcat.TomcatWebServer - Tomcat initialized with port 8080 (http)
2026-04-24 08:44:42 [main] INFO  o.a.coyote.http11.Http11NioProtocol - Initializing ProtocolHandler ["http-nio-8080"]
2026-04-24 08:44:42 [main] INFO  o.a.catalina.core.StandardService - Starting service [Tomcat]
2026-04-24 08:44:42 [main] INFO  o.a.catalina.core.StandardEngine - Starting Servlet engine: [Apache Tomcat/10.1.16]
2026-04-24 08:44:42 [main] INFO  o.a.c.c.C.[Tomcat].[localhost].[/] - Initializing Spring embedded WebApplicationContext
2026-04-24 08:44:42 [main] INFO  o.s.b.w.s.c.ServletWebServerApplicationContext - Root WebApplicationContext: initialization completed in 2159 ms
2026-04-24 08:44:45 [main] INFO  c.v.f.s.VaadinServletContextInitializer - Search for subclasses and classes with annotations took 2959 ms
2026-04-24 08:44:45 [main] INFO  c.v.b.d.s.DevModeStartupListener - Starting dev-mode updaters in C:\Users\luis2\OneDrive\Desktop\facturacion-electronica\target folder.
2026-04-24 08:44:45 [main] INFO  c.v.f.s.f.s.FullDependenciesScanner - Visited 100 classes. Took 50 ms.
2026-04-24 08:44:45 [main] INFO  c.v.f.s.f.BundleValidationUtil - Checking if a development mode bundle build is needed
2026-04-24 08:44:46 [main] INFO  c.v.f.s.f.BundleValidationUtil - A development mode bundle build is not needed
2026-04-24 08:44:46 [ForkJoinPool.commonPool-worker-1] INFO  c.v.f.s.f.TaskCopyFrontendFiles - Copying frontend resources from jar files ...
2026-04-24 08:44:46 [main] INFO  c.v.f.s.VaadinServletContextInitializer - Search for subclasses and classes with annotations took 3181 ms
2026-04-24 08:44:46 [ForkJoinPool.commonPool-worker-1] INFO  c.v.f.s.f.TaskCopyFrontendFiles - Visited 18 resources. Took 565 ms.
2026-04-24 08:44:46 [main] INFO  o.atmosphere.cpr.AtmosphereFramework - Installed AtmosphereHandler com.vaadin.flow.server.communication.PushAtmosphereHandler mapped to context-path: /*
2026-04-24 08:44:46 [main] INFO  o.atmosphere.cpr.AtmosphereFramework - Installed the following AtmosphereInterceptor mapped to AtmosphereHandler com.vaadin.flow.server.communication.PushAtmosphereHandler
2026-04-24 08:44:47 [main] INFO  o.atmosphere.cpr.AtmosphereFramework - Atmosphere is using org.atmosphere.util.VoidAnnotationProcessor for processing annotation
2026-04-24 08:44:47 [main] INFO  org.atmosphere.util.ForkJoinPool - Using ForkJoinPool  java.util.concurrent.ForkJoinPool. Set the org.atmosphere.cpr.broadcaster.maxAsyncWriteThreads to -1 to fully use its power.
2026-04-24 08:44:47 [main] INFO  o.atmosphere.cpr.AtmosphereFramework - Installed WebSocketProtocol org.atmosphere.websocket.protocol.SimpleHttpProtocol 
2026-04-24 08:44:47 [main] INFO  o.a.container.JSR356AsyncSupport - JSR 356 Mapping path /VAADIN/push
2026-04-24 08:44:47 [main] INFO  o.atmosphere.cpr.AtmosphereFramework - Installing Default AtmosphereInterceptors
2026-04-24 08:44:47 [main] INFO  o.atmosphere.cpr.AtmosphereFramework - 	org.atmosphere.interceptor.CorsInterceptor : CORS Interceptor Support
2026-04-24 08:44:47 [main] INFO  o.atmosphere.cpr.AtmosphereFramework - 	org.atmosphere.interceptor.CacheHeadersInterceptor : Default Response's Headers Interceptor
2026-04-24 08:44:47 [main] INFO  o.atmosphere.cpr.AtmosphereFramework - 	org.atmosphere.interceptor.PaddingAtmosphereInterceptor : Browser Padding Interceptor Support
2026-04-24 08:44:47 [main] INFO  o.atmosphere.cpr.AtmosphereFramework - 	org.atmosphere.interceptor.AndroidAtmosphereInterceptor : Android Interceptor Support
2026-04-24 08:44:47 [main] INFO  o.atmosphere.cpr.AtmosphereFramework - 	org.atmosphere.interceptor.HeartbeatInterceptor : Heartbeat Interceptor Support
2026-04-24 08:44:47 [main] INFO  o.atmosphere.cpr.AtmosphereFramework - 	org.atmosphere.interceptor.SSEAtmosphereInterceptor : SSE Interceptor Support
2026-04-24 08:44:47 [main] INFO  o.atmosphere.cpr.AtmosphereFramework - 	org.atmosphere.interceptor.JSONPAtmosphereInterceptor : JSONP Interceptor Support
2026-04-24 08:44:47 [main] INFO  o.atmosphere.cpr.AtmosphereFramework - 	org.atmosphere.interceptor.JavaScriptProtocol : Atmosphere JavaScript Protocol
2026-04-24 08:44:47 [main] INFO  o.atmosphere.cpr.AtmosphereFramework - 	org.atmosphere.interceptor.WebSocketMessageSuspendInterceptor : org.atmosphere.interceptor.WebSocketMessageSuspendInterceptor
2026-04-24 08:44:47 [main] INFO  o.atmosphere.cpr.AtmosphereFramework - 	org.atmosphere.interceptor.OnDisconnectInterceptor : Browser disconnection detection
2026-04-24 08:44:47 [main] INFO  o.atmosphere.cpr.AtmosphereFramework - 	org.atmosphere.interceptor.IdleResourceInterceptor : org.atmosphere.interceptor.IdleResourceInterceptor
2026-04-24 08:44:47 [main] INFO  o.atmosphere.cpr.AtmosphereFramework - Set org.atmosphere.cpr.AtmosphereInterceptor.disableDefaults to disable them.
2026-04-24 08:44:47 [main] INFO  o.atmosphere.cpr.AtmosphereFramework - Installed AtmosphereInterceptor CORS Interceptor Support with priority FIRST_BEFORE_DEFAULT 
2026-04-24 08:44:47 [main] INFO  o.atmosphere.cpr.AtmosphereFramework - Installed AtmosphereInterceptor Default Response's Headers Interceptor with priority AFTER_DEFAULT 
2026-04-24 08:44:47 [main] INFO  o.atmosphere.cpr.AtmosphereFramework - Installed AtmosphereInterceptor Browser Padding Interceptor Support with priority AFTER_DEFAULT 
2026-04-24 08:44:47 [main] INFO  o.atmosphere.cpr.AtmosphereFramework - Installed AtmosphereInterceptor Android Interceptor Support with priority AFTER_DEFAULT 
2026-04-24 08:44:47 [main] INFO  o.a.interceptor.HeartbeatInterceptor - HeartbeatInterceptor configured with padding value 'X', client frequency 0 seconds and server frequency 60 seconds
2026-04-24 08:44:47 [main] INFO  o.atmosphere.cpr.AtmosphereFramework - Installed AtmosphereInterceptor Heartbeat Interceptor Support with priority AFTER_DEFAULT 
2026-04-24 08:44:47 [main] INFO  o.atmosphere.cpr.AtmosphereFramework - Installed AtmosphereInterceptor SSE Interceptor Support with priority AFTER_DEFAULT 
2026-04-24 08:44:47 [main] INFO  o.atmosphere.cpr.AtmosphereFramework - Installed AtmosphereInterceptor JSONP Interceptor Support with priority AFTER_DEFAULT 
2026-04-24 08:44:47 [main] INFO  o.atmosphere.cpr.AtmosphereFramework - Installed AtmosphereInterceptor Atmosphere JavaScript Protocol with priority AFTER_DEFAULT 
2026-04-24 08:44:47 [main] INFO  o.atmosphere.cpr.AtmosphereFramework - Installed AtmosphereInterceptor org.atmosphere.interceptor.WebSocketMessageSuspendInterceptor with priority AFTER_DEFAULT 
2026-04-24 08:44:47 [main] INFO  o.atmosphere.cpr.AtmosphereFramework - Installed AtmosphereInterceptor Browser disconnection detection with priority AFTER_DEFAULT 
2026-04-24 08:44:47 [main] INFO  o.atmosphere.cpr.AtmosphereFramework - Installed AtmosphereInterceptor org.atmosphere.interceptor.IdleResourceInterceptor with priority BEFORE_DEFAULT 
2026-04-24 08:44:47 [main] INFO  o.atmosphere.cpr.AtmosphereFramework - Using EndpointMapper class org.atmosphere.util.DefaultEndpointMapper
2026-04-24 08:44:47 [main] INFO  o.atmosphere.cpr.AtmosphereFramework - Using BroadcasterCache: org.atmosphere.cache.UUIDBroadcasterCache
2026-04-24 08:44:47 [main] INFO  o.atmosphere.cpr.AtmosphereFramework - Default Broadcaster Class: org.atmosphere.cpr.DefaultBroadcaster
2026-04-24 08:44:47 [main] INFO  o.atmosphere.cpr.AtmosphereFramework - Broadcaster Shared List Resources: false
2026-04-24 08:44:47 [main] INFO  o.atmosphere.cpr.AtmosphereFramework - Broadcaster Polling Wait Time 100
2026-04-24 08:44:47 [main] INFO  o.atmosphere.cpr.AtmosphereFramework - Shared ExecutorService supported: true
2026-04-24 08:44:47 [main] INFO  o.atmosphere.cpr.AtmosphereFramework - Messaging ExecutorService Pool Size unavailable - Not instance of ThreadPoolExecutor
2026-04-24 08:44:47 [main] INFO  o.atmosphere.cpr.AtmosphereFramework - Async I/O Thread Pool Size: 200
2026-04-24 08:44:47 [main] INFO  o.atmosphere.cpr.AtmosphereFramework - Using BroadcasterFactory: org.atmosphere.cpr.DefaultBroadcasterFactory
2026-04-24 08:44:47 [main] INFO  o.atmosphere.cpr.AtmosphereFramework - Using AtmosphereResurceFactory: org.atmosphere.cpr.DefaultAtmosphereResourceFactory
2026-04-24 08:44:47 [main] INFO  o.atmosphere.cpr.AtmosphereFramework - Using WebSocketProcessor: org.atmosphere.websocket.DefaultWebSocketProcessor
2026-04-24 08:44:47 [main] INFO  o.atmosphere.cpr.AtmosphereFramework - Invoke AtmosphereInterceptor on WebSocket message true
2026-04-24 08:44:47 [main] INFO  o.atmosphere.cpr.AtmosphereFramework - HttpSession supported: true
2026-04-24 08:44:47 [main] INFO  o.atmosphere.cpr.AtmosphereFramework - Atmosphere is using DefaultAtmosphereObjectFactory for dependency injection and object creation
2026-04-24 08:44:47 [main] INFO  o.atmosphere.cpr.AtmosphereFramework - Atmosphere is using async support: org.atmosphere.container.JSR356AsyncSupport running under container: Apache Tomcat/10.1.16 using jakarta.servlet/3.0 and jsr356/WebSocket API
2026-04-24 08:44:47 [main] INFO  o.atmosphere.cpr.AtmosphereFramework - Atmosphere Framework 3.0.3.slf4jvaadin2 started.
2026-04-24 08:44:47 [main] INFO  o.atmosphere.cpr.AtmosphereFramework - Installed AtmosphereInterceptor  Track Message Size Interceptor using | with priority BEFORE_DEFAULT 
2026-04-24 08:44:47 [main] INFO  o.a.coyote.http11.Http11NioProtocol - Starting ProtocolHandler ["http-nio-8080"]
2026-04-24 08:44:47 [main] INFO  c.v.f.s.DefaultDeploymentConfiguration - 
Vaadin is running in DEVELOPMENT mode - do not use for production deployments.
2026-04-24 08:44:47 [main] INFO  c.v.b.d.s.DevModeStartupListener - Starting dev-mode updaters in C:\Users\luis2\OneDrive\Desktop\facturacion-electronica\target folder.
2026-04-24 08:44:47 [main] INFO  o.s.b.w.e.tomcat.TomcatWebServer - Tomcat started on port 8080 (http) with context path ''
2026-04-24 08:44:47 [main] INFO  com.facturacion.FacturacionApp - Started FacturacionApp in 7.986 seconds (process running for 9.527)
2026-04-24 08:44:47 [main] INFO  c.v.f.s.f.s.FullDependenciesScanner - Visited 100 classes. Took 43 ms.
2026-04-24 08:44:47 [main] INFO  c.v.f.s.f.BundleValidationUtil - Checking if a development mode bundle build is needed
2026-04-24 08:44:47 [http-nio-8080-exec-1] INFO  o.a.c.c.C.[Tomcat].[localhost].[/] - Initializing Spring DispatcherServlet 'dispatcherServlet'
2026-04-24 08:44:47 [http-nio-8080-exec-1] INFO  o.s.web.servlet.DispatcherServlet - Initializing Servlet 'dispatcherServlet'
2026-04-24 08:44:47 [http-nio-8080-exec-1] INFO  o.s.web.servlet.DispatcherServlet - Completed initialization in 19 ms
2026-04-24 08:44:47 [main] INFO  com.facturacion.FacturacionApp - Sistema iniciado correctamente en http://localhost:8080
2026-04-24 08:44:47 [http-nio-8080-exec-2] INFO  c.v.flow.spring.SpringInstantiator - The number of beans implementing 'I18NProvider' is 0. Cannot use Spring beans for I18N, falling back to the default behavior
2026-04-24 08:44:47 [main] INFO  c.v.f.s.f.BundleValidationUtil - A development mode bundle build is not needed
2026-04-24 08:44:47 [ForkJoinPool.commonPool-worker-1] INFO  c.v.f.s.f.TaskCopyFrontendFiles - Copying frontend resources from jar files ...
2026-04-24 08:44:48 [ForkJoinPool.commonPool-worker-1] INFO  c.v.f.s.f.TaskCopyFrontendFiles - Visited 18 resources. Took 361 ms.
2026-04-24 08:44:48 [main] INFO  o.atmosphere.cpr.AtmosphereFramework - Installed AtmosphereHandler com.vaadin.flow.server.communication.PushAtmosphereHandler mapped to context-path: /*
2026-04-24 08:44:48 [main] INFO  o.atmosphere.cpr.AtmosphereFramework - Installed the following AtmosphereInterceptor mapped to AtmosphereHandler com.vaadin.flow.server.communication.PushAtmosphereHandler
2026-04-24 08:44:48 [main] INFO  o.atmosphere.cpr.AtmosphereFramework - Atmosphere is using org.atmosphere.util.VoidAnnotationProcessor for processing annotation
2026-04-24 08:44:48 [main] INFO  org.atmosphere.util.ForkJoinPool - Using ForkJoinPool  java.util.concurrent.ForkJoinPool. Set the org.atmosphere.cpr.broadcaster.maxAsyncWriteThreads to -1 to fully use its power.
2026-04-24 08:44:48 [main] INFO  o.atmosphere.cpr.AtmosphereFramework - Installed WebSocketProtocol org.atmosphere.websocket.protocol.SimpleHttpProtocol 
2026-04-24 08:44:48 [main] INFO  o.a.container.JSR356AsyncSupport - JSR 356 Mapping path /VAADIN/push
2026-04-24 08:44:48 [main] INFO  o.atmosphere.cpr.AtmosphereFramework - Installing Default AtmosphereInterceptors
2026-04-24 08:44:48 [main] INFO  o.atmosphere.cpr.AtmosphereFramework - 	org.atmosphere.interceptor.CorsInterceptor : CORS Interceptor Support
2026-04-24 08:44:48 [main] INFO  o.atmosphere.cpr.AtmosphereFramework - 	org.atmosphere.interceptor.CacheHeadersInterceptor : Default Response's Headers Interceptor
2026-04-24 08:44:48 [main] INFO  o.atmosphere.cpr.AtmosphereFramework - 	org.atmosphere.interceptor.PaddingAtmosphereInterceptor : Browser Padding Interceptor Support
2026-04-24 08:44:48 [main] INFO  o.atmosphere.cpr.AtmosphereFramework - 	org.atmosphere.interceptor.AndroidAtmosphereInterceptor : Android Interceptor Support
2026-04-24 08:44:48 [main] INFO  o.atmosphere.cpr.AtmosphereFramework - 	org.atmosphere.interceptor.HeartbeatInterceptor : Heartbeat Interceptor Support
2026-04-24 08:44:48 [main] INFO  o.atmosphere.cpr.AtmosphereFramework - 	org.atmosphere.interceptor.SSEAtmosphereInterceptor : SSE Interceptor Support
2026-04-24 08:44:48 [main] INFO  o.atmosphere.cpr.AtmosphereFramework - 	org.atmosphere.interceptor.JSONPAtmosphereInterceptor : JSONP Interceptor Support
2026-04-24 08:44:48 [main] INFO  o.atmosphere.cpr.AtmosphereFramework - 	org.atmosphere.interceptor.JavaScriptProtocol : Atmosphere JavaScript Protocol
2026-04-24 08:44:48 [main] INFO  o.atmosphere.cpr.AtmosphereFramework - 	org.atmosphere.interceptor.WebSocketMessageSuspendInterceptor : org.atmosphere.interceptor.WebSocketMessageSuspendInterceptor
2026-04-24 08:44:48 [main] INFO  o.atmosphere.cpr.AtmosphereFramework - 	org.atmosphere.interceptor.OnDisconnectInterceptor : Browser disconnection detection
2026-04-24 08:44:48 [main] INFO  o.atmosphere.cpr.AtmosphereFramework - 	org.atmosphere.interceptor.IdleResourceInterceptor : org.atmosphere.interceptor.IdleResourceInterceptor
2026-04-24 08:44:48 [main] INFO  o.atmosphere.cpr.AtmosphereFramework - Set org.atmosphere.cpr.AtmosphereInterceptor.disableDefaults to disable them.
2026-04-24 08:44:48 [main] INFO  o.atmosphere.cpr.AtmosphereFramework - Installed AtmosphereInterceptor CORS Interceptor Support with priority FIRST_BEFORE_DEFAULT 
2026-04-24 08:44:48 [main] INFO  o.atmosphere.cpr.AtmosphereFramework - Installed AtmosphereInterceptor Default Response's Headers Interceptor with priority AFTER_DEFAULT 
2026-04-24 08:44:48 [main] INFO  o.atmosphere.cpr.AtmosphereFramework - Installed AtmosphereInterceptor Browser Padding Interceptor Support with priority AFTER_DEFAULT 
2026-04-24 08:44:48 [main] INFO  o.atmosphere.cpr.AtmosphereFramework - Installed AtmosphereInterceptor Android Interceptor Support with priority AFTER_DEFAULT 
2026-04-24 08:44:48 [main] INFO  o.a.interceptor.HeartbeatInterceptor - HeartbeatInterceptor configured with padding value 'X', client frequency 0 seconds and server frequency 60 seconds
2026-04-24 08:44:48 [main] INFO  o.atmosphere.cpr.AtmosphereFramework - Installed AtmosphereInterceptor Heartbeat Interceptor Support with priority AFTER_DEFAULT 
2026-04-24 08:44:48 [main] INFO  o.atmosphere.cpr.AtmosphereFramework - Installed AtmosphereInterceptor SSE Interceptor Support with priority AFTER_DEFAULT 
2026-04-24 08:44:48 [main] INFO  o.atmosphere.cpr.AtmosphereFramework - Installed AtmosphereInterceptor JSONP Interceptor Support with priority AFTER_DEFAULT 
2026-04-24 08:44:48 [main] INFO  o.atmosphere.cpr.AtmosphereFramework - Installed AtmosphereInterceptor Atmosphere JavaScript Protocol with priority AFTER_DEFAULT 
2026-04-24 08:44:48 [main] INFO  o.atmosphere.cpr.AtmosphereFramework - Installed AtmosphereInterceptor org.atmosphere.interceptor.WebSocketMessageSuspendInterceptor with priority AFTER_DEFAULT 
2026-04-24 08:44:48 [main] INFO  o.atmosphere.cpr.AtmosphereFramework - Installed AtmosphereInterceptor Browser disconnection detection with priority AFTER_DEFAULT 
2026-04-24 08:44:48 [main] INFO  o.atmosphere.cpr.AtmosphereFramework - Installed AtmosphereInterceptor org.atmosphere.interceptor.IdleResourceInterceptor with priority BEFORE_DEFAULT 
2026-04-24 08:44:48 [main] INFO  o.atmosphere.cpr.AtmosphereFramework - Using EndpointMapper class org.atmosphere.util.DefaultEndpointMapper
2026-04-24 08:44:48 [main] INFO  o.atmosphere.cpr.AtmosphereFramework - Using BroadcasterCache: org.atmosphere.cache.UUIDBroadcasterCache
2026-04-24 08:44:48 [main] INFO  o.atmosphere.cpr.AtmosphereFramework - Default Broadcaster Class: org.atmosphere.cpr.DefaultBroadcaster
2026-04-24 08:44:48 [main] INFO  o.atmosphere.cpr.AtmosphereFramework - Broadcaster Shared List Resources: false
2026-04-24 08:44:48 [main] INFO  o.atmosphere.cpr.AtmosphereFramework - Broadcaster Polling Wait Time 100
2026-04-24 08:44:48 [main] INFO  o.atmosphere.cpr.AtmosphereFramework - Shared ExecutorService supported: true
2026-04-24 08:44:48 [main] INFO  o.atmosphere.cpr.AtmosphereFramework - Messaging ExecutorService Pool Size unavailable - Not instance of ThreadPoolExecutor
2026-04-24 08:44:48 [main] INFO  o.atmosphere.cpr.AtmosphereFramework - Async I/O Thread Pool Size: 200
2026-04-24 08:44:48 [main] INFO  o.atmosphere.cpr.AtmosphereFramework - Using BroadcasterFactory: org.atmosphere.cpr.DefaultBroadcasterFactory
2026-04-24 08:44:48 [main] INFO  o.atmosphere.cpr.AtmosphereFramework - Using AtmosphereResurceFactory: org.atmosphere.cpr.DefaultAtmosphereResourceFactory
2026-04-24 08:44:48 [main] INFO  o.atmosphere.cpr.AtmosphereFramework - Using WebSocketProcessor: org.atmosphere.websocket.DefaultWebSocketProcessor
2026-04-24 08:44:48 [main] INFO  o.atmosphere.cpr.AtmosphereFramework - Invoke AtmosphereInterceptor on WebSocket message true
2026-04-24 08:44:48 [main] INFO  o.atmosphere.cpr.AtmosphereFramework - HttpSession supported: true
2026-04-24 08:44:48 [main] INFO  o.atmosphere.cpr.AtmosphereFramework - Atmosphere is using DefaultAtmosphereObjectFactory for dependency injection and object creation
2026-04-24 08:44:48 [main] INFO  o.atmosphere.cpr.AtmosphereFramework - Atmosphere is using async support: org.atmosphere.container.JSR356AsyncSupport running under container: Apache Tomcat/10.1.16 using jakarta.servlet/3.0 and jsr356/WebSocket API
2026-04-24 08:44:48 [main] INFO  o.atmosphere.cpr.AtmosphereFramework - Atmosphere Framework 3.0.3.slf4jvaadin2 started.
2026-04-24 08:44:48 [main] INFO  o.atmosphere.cpr.AtmosphereFramework - Installed AtmosphereInterceptor  Track Message Size Interceptor using | with priority BEFORE_DEFAULT 
2026-04-24 08:44:48 [main] INFO  o.a.coyote.http11.Http11NioProtocol - Starting ProtocolHandler ["http-nio-8080"]
2026-04-24 08:44:48 [main] WARN  o.s.b.w.s.c.AnnotationConfigServletWebServerApplicationContext - Exception encountered during context initialization - cancelling refresh attempt: org.springframework.context.ApplicationContextException: Failed to start bean 'webServerStartStop'
2026-04-24 08:44:48 [main] INFO  o.s.b.a.l.ConditionEvaluationReportLogger - 

Error starting ApplicationContext. To display the condition evaluation report re-run your application with 'debug' enabled.
2026-04-24 08:44:48 [main] ERROR o.s.b.d.LoggingFailureAnalysisReporter - 

***************************
APPLICATION FAILED TO START
***************************

Description:

Web server failed to start. Port 8080 was already in use.

Action:

Identify and stop the process that's listening on port 8080 or configure this application to listen on another port.

2026-04-24 08:44:52 [http-nio-8080-exec-4] INFO  com.zaxxer.hikari.HikariDataSource - FacturacionPool - Starting...
2026-04-24 08:44:53 [http-nio-8080-exec-4] INFO  com.zaxxer.hikari.pool.HikariPool - FacturacionPool - Added connection org.postgresql.jdbc.PgConnection@1cb4af0c
2026-04-24 08:44:53 [http-nio-8080-exec-4] INFO  com.zaxxer.hikari.HikariDataSource - FacturacionPool - Start completed.
2026-04-24 08:44:53 [http-nio-8080-exec-4] INFO  c.f.config.DatabaseConnection - Pool de conexiones HikariCP inicializado correctamente.
2026-04-24 08:45:14 [http-nio-8080-exec-4] INFO  com.facturacion.dao.ClienteDAO - Cliente creado con ID=3
2026-04-24 08:49:04 [FacturacionPool housekeeper] WARN  com.zaxxer.hikari.pool.HikariPool - FacturacionPool - Thread starvation or clock leap detected (housekeeper delta=1m41s129ms697碌s900ns).
2026-04-24 09:20:49 [http-nio-8080-exec-5] INFO  com.facturacion.dao.ClienteDAO - Cliente creado con ID=4
2026-04-24 09:22:01 [http-nio-8080-exec-3] ERROR com.facturacion.dao.FacturaDAO - Error al guardar factura, haciendo rollback: Cannot invoke "com.facturacion.model.Empleado.getId()" because the return value of "com.facturacion.model.Factura.getEmpleado()" is null
java.lang.NullPointerException: Cannot invoke "com.facturacion.model.Empleado.getId()" because the return value of "com.facturacion.model.Factura.getEmpleado()" is null
	at com.facturacion.dao.FacturaDAO.insertarCabecera(FacturaDAO.java:68)
	at com.facturacion.dao.FacturaDAO.guardar(FacturaDAO.java:33)
	at com.facturacion.service.FacturacionService.crearFactura(FacturacionService.java:69)
	at com.facturacion.ui.views.FacturacionView.generarFactura(FacturacionView.java:333)
	at com.facturacion.ui.views.FacturacionView.lambda$panelResumen$8131ad3b$1(FacturacionView.java:229)
	at com.vaadin.flow.component.ComponentEventBus.fireEventForListener(ComponentEventBus.java:239)
	at com.vaadin.flow.component.ComponentEventBus.handleDomEvent(ComponentEventBus.java:488)
	at com.vaadin.flow.component.ComponentEventBus.lambda$addDomTrigger$dd1b7957$1(ComponentEventBus.java:298)
	at com.vaadin.flow.internal.nodefeature.ElementListenerMap.lambda$fireEvent$2(ElementListenerMap.java:447)
	at java.base/java.util.ArrayList.forEach(ArrayList.java:1596)
	at com.vaadin.flow.internal.nodefeature.ElementListenerMap.fireEvent(ElementListenerMap.java:447)
	at com.vaadin.flow.server.communication.rpc.EventRpcHandler.handleNode(EventRpcHandler.java:62)
	at com.vaadin.flow.server.communication.rpc.AbstractRpcInvocationHandler.handle(AbstractRpcInvocationHandler.java:74)
	at com.vaadin.flow.server.communication.ServerRpcHandler.handleInvocationData(ServerRpcHandler.java:466)
	at com.vaadin.flow.server.communication.ServerRpcHandler.lambda$handleInvocations$4(ServerRpcHandler.java:447)
	at java.base/java.util.ArrayList.forEach(ArrayList.java:1596)
	at com.vaadin.flow.server.communication.ServerRpcHandler.handleInvocations(ServerRpcHandler.java:447)
	at com.vaadin.flow.server.communication.ServerRpcHandler.handleRpc(ServerRpcHandler.java:324)
	at com.vaadin.flow.server.communication.UidlRequestHandler.synchronizedHandleRequest(UidlRequestHandler.java:114)
	at com.vaadin.flow.server.SynchronizedRequestHandler.handleRequest(SynchronizedRequestHandler.java:40)
	at com.vaadin.flow.server.VaadinService.handleRequest(VaadinService.java:1573)
	at com.vaadin.flow.server.VaadinServlet.service(VaadinServlet.java:398)
	at com.vaadin.flow.spring.SpringServlet.service(SpringServlet.java:106)
	at jakarta.servlet.http.HttpServlet.service(HttpServlet.java:658)
	at org.apache.catalina.core.ApplicationFilterChain.internalDoFilter(ApplicationFilterChain.java:205)
	at org.apache.catalina.core.ApplicationFilterChain.doFilter(ApplicationFilterChain.java:149)
	at org.apache.catalina.core.ApplicationDispatcher.invoke(ApplicationDispatcher.java:642)
	at org.apache.catalina.core.ApplicationDispatcher.processRequest(ApplicationDispatcher.java:408)
	at org.apache.catalina.core.ApplicationDispatcher.doForward(ApplicationDispatcher.java:313)
	at org.apache.catalina.core.ApplicationDispatcher.forward(ApplicationDispatcher.java:277)
	at org.springframework.web.servlet.mvc.ServletForwardingController.handleRequestInternal(ServletForwardingController.java:141)
	at org.springframework.web.servlet.mvc.AbstractController.handleRequest(AbstractController.java:178)
	at org.springframework.web.servlet.mvc.SimpleControllerHandlerAdapter.handle(SimpleControllerHandlerAdapter.java:51)
	at org.springframework.web.servlet.DispatcherServlet.doDispatch(DispatcherServlet.java:1089)
	at org.springframework.web.servlet.DispatcherServlet.doService(DispatcherServlet.java:979)
	at org.springframework.web.servlet.FrameworkServlet.processRequest(FrameworkServlet.java:1014)
	at org.springframework.web.servlet.FrameworkServlet.doPost(FrameworkServlet.java:914)
	at jakarta.servlet.http.HttpServlet.service(HttpServlet.java:590)
	at org.springframework.web.servlet.FrameworkServlet.service(FrameworkServlet.java:885)
	at jakarta.servlet.http.HttpServlet.service(HttpServlet.java:658)
	at org.apache.catalina.core.ApplicationFilterChain.internalDoFilter(ApplicationFilterChain.java:205)
	at org.apache.catalina.core.ApplicationFilterChain.doFilter(ApplicationFilterChain.java:149)
	at org.apache.tomcat.websocket.server.WsFilter.doFilter(WsFilter.java:51)
	at org.apache.catalina.core.ApplicationFilterChain.internalDoFilter(ApplicationFilterChain.java:174)
	at org.apache.catalina.core.ApplicationFilterChain.doFilter(ApplicationFilterChain.java:149)
	at org.springframework.web.filter.RequestContextFilter.doFilterInternal(RequestContextFilter.java:100)
	at org.springframework.web.filter.OncePerRequestFilter.doFilter(OncePerRequestFilter.java:116)
	at org.apache.catalina.core.ApplicationFilterChain.internalDoFilter(ApplicationFilterChain.java:174)
	at org.apache.catalina.core.ApplicationFilterChain.doFilter(ApplicationFilterChain.java:149)
	at org.springframework.web.filter.FormContentFilter.doFilterInternal(FormContentFilter.java:93)
	at org.springframework.web.filter.OncePerRequestFilter.doFilter(OncePerRequestFilter.java:116)
	at org.apache.catalina.core.ApplicationFilterChain.internalDoFilter(ApplicationFilterChain.java:174)
	at org.apache.catalina.core.ApplicationFilterChain.doFilter(ApplicationFilterChain.java:149)
	at org.springframework.web.filter.CharacterEncodingFilter.doFilterInternal(CharacterEncodingFilter.java:201)
	at org.springframework.web.filter.OncePerRequestFilter.doFilter(OncePerRequestFilter.java:116)
	at org.apache.catalina.core.ApplicationFilterChain.internalDoFilter(ApplicationFilterChain.java:174)
	at org.apache.catalina.core.ApplicationFilterChain.doFilter(ApplicationFilterChain.java:149)
	at org.apache.catalina.core.StandardWrapperValve.invoke(StandardWrapperValve.java:167)
	at org.apache.catalina.core.StandardContextValve.invoke(StandardContextValve.java:90)
	at org.apache.catalina.authenticator.AuthenticatorBase.invoke(AuthenticatorBase.java:482)
	at org.apache.catalina.core.StandardHostValve.invoke(StandardHostValve.java:115)
	at org.apache.catalina.valves.ErrorReportValve.invoke(ErrorReportValve.java:93)
	at org.apache.catalina.core.StandardEngineValve.invoke(StandardEngineValve.java:74)
	at org.apache.catalina.connector.CoyoteAdapter.service(CoyoteAdapter.java:340)
	at org.apache.coyote.http11.Http11Processor.service(Http11Processor.java:391)
	at org.apache.coyote.AbstractProcessorLight.process(AbstractProcessorLight.java:63)
	at org.apache.coyote.AbstractProtocol$ConnectionHandler.process(AbstractProtocol.java:896)
	at org.apache.tomcat.util.net.NioEndpoint$SocketProcessor.doRun(NioEndpoint.java:1744)
	at org.apache.tomcat.util.net.SocketProcessorBase.run(SocketProcessorBase.java:52)
	at org.apache.tomcat.util.threads.ThreadPoolExecutor.runWorker(ThreadPoolExecutor.java:1191)
	at org.apache.tomcat.util.threads.ThreadPoolExecutor$Worker.run(ThreadPoolExecutor.java:659)
	at org.apache.tomcat.util.threads.TaskThread$WrappingRunnable.run(TaskThread.java:61)
	at java.base/java.lang.Thread.run(Thread.java:1583)
2026-04-24 09:26:55 [FacturacionPool housekeeper] WARN  com.zaxxer.hikari.pool.HikariPool - FacturacionPool - Thread starvation or clock leap detected (housekeeper delta=4m50s792ms730碌s900ns).
2026-04-24 09:46:36 [FacturacionPool housekeeper] WARN  com.zaxxer.hikari.pool.HikariPool - FacturacionPool - Thread starvation or clock leap detected (housekeeper delta=14m10s562ms438碌s600ns).
2026-04-24 09:51:33 [FacturacionPool housekeeper] WARN  com.zaxxer.hikari.pool.HikariPool - FacturacionPool - Thread starvation or clock leap detected (housekeeper delta=57s115ms354碌s300ns).
2026-04-24 10:29:50 [main] INFO  com.facturacion.FacturacionApp - Iniciando Sistema de Facturaci贸n Electr贸nica...
2026-04-24 10:29:50 [background-preinit] INFO  o.h.validator.internal.util.Version - HV000001: Hibernate Validator 8.0.1.Final
2026-04-24 10:29:50 [main] INFO  com.facturacion.FacturacionApp - Starting FacturacionApp using Java 21.0.10 with PID 9428 (C:\Users\luis2\OneDrive\Desktop\facturacion-electronica\target\classes started by luis2 in C:\Users\luis2\OneDrive\Desktop\facturacion-electronica)
2026-04-24 10:29:50 [main] DEBUG com.facturacion.FacturacionApp - Running with Spring Boot v3.2.0, Spring v6.1.1
2026-04-24 10:29:50 [main] INFO  com.facturacion.FacturacionApp - No active profile set, falling back to 1 default profile: "default"
2026-04-24 10:29:52 [main] INFO  o.s.b.w.e.tomcat.TomcatWebServer - Tomcat initialized with port 8080 (http)
2026-04-24 10:29:52 [main] INFO  o.a.coyote.http11.Http11NioProtocol - Initializing ProtocolHandler ["http-nio-8080"]
2026-04-24 10:29:52 [main] INFO  o.a.catalina.core.StandardService - Starting service [Tomcat]
2026-04-24 10:29:52 [main] INFO  o.a.catalina.core.StandardEngine - Starting Servlet engine: [Apache Tomcat/10.1.16]
2026-04-24 10:29:52 [main] INFO  o.a.c.c.C.[Tomcat].[localhost].[/] - Initializing Spring embedded WebApplicationContext
2026-04-24 10:29:52 [main] INFO  o.s.b.w.s.c.ServletWebServerApplicationContext - Root WebApplicationContext: initialization completed in 1865 ms
2026-04-24 10:29:55 [main] INFO  c.v.f.s.VaadinServletContextInitializer - Search for subclasses and classes with annotations took 2215 ms
2026-04-24 10:29:55 [main] INFO  c.v.b.d.s.DevModeStartupListener - Starting dev-mode updaters in C:\Users\luis2\OneDrive\Desktop\facturacion-electronica\target folder.
2026-04-24 10:29:56 [main] INFO  c.v.f.s.f.s.FullDependenciesScanner - Visited 100 classes. Took 39 ms.
2026-04-24 10:29:56 [main] INFO  c.v.f.s.f.BundleValidationUtil - Checking if a development mode bundle build is needed
2026-04-24 10:29:56 [main] INFO  c.v.f.s.f.BundleValidationUtil - A development mode bundle build is not needed
2026-04-24 10:29:56 [ForkJoinPool.commonPool-worker-1] INFO  c.v.f.s.f.TaskCopyFrontendFiles - Copying frontend resources from jar files ...
2026-04-24 10:29:57 [ForkJoinPool.commonPool-worker-1] INFO  c.v.f.s.f.TaskCopyFrontendFiles - Visited 18 resources. Took 523 ms.
2026-04-24 10:29:57 [main] INFO  o.atmosphere.cpr.AtmosphereFramework - Installed AtmosphereHandler com.vaadin.flow.server.communication.PushAtmosphereHandler mapped to context-path: /*
2026-04-24 10:29:57 [main] INFO  o.atmosphere.cpr.AtmosphereFramework - Installed the following AtmosphereInterceptor mapped to AtmosphereHandler com.vaadin.flow.server.communication.PushAtmosphereHandler
2026-04-24 10:29:57 [main] INFO  o.atmosphere.cpr.AtmosphereFramework - Atmosphere is using org.atmosphere.util.VoidAnnotationProcessor for processing annotation
2026-04-24 10:29:57 [main] INFO  org.atmosphere.util.ForkJoinPool - Using ForkJoinPool  java.util.concurrent.ForkJoinPool. Set the org.atmosphere.cpr.broadcaster.maxAsyncWriteThreads to -1 to fully use its power.
2026-04-24 10:29:57 [main] INFO  o.atmosphere.cpr.AtmosphereFramework - Installed WebSocketProtocol org.atmosphere.websocket.protocol.SimpleHttpProtocol 
2026-04-24 10:29:57 [main] INFO  o.a.container.JSR356AsyncSupport - JSR 356 Mapping path /VAADIN/push
2026-04-24 10:29:57 [main] INFO  o.atmosphere.cpr.AtmosphereFramework - Installing Default AtmosphereInterceptors
2026-04-24 10:29:57 [main] INFO  o.atmosphere.cpr.AtmosphereFramework - 	org.atmosphere.interceptor.CorsInterceptor : CORS Interceptor Support
2026-04-24 10:29:57 [main] INFO  o.atmosphere.cpr.AtmosphereFramework - 	org.atmosphere.interceptor.CacheHeadersInterceptor : Default Response's Headers Interceptor
2026-04-24 10:29:57 [main] INFO  o.atmosphere.cpr.AtmosphereFramework - 	org.atmosphere.interceptor.PaddingAtmosphereInterceptor : Browser Padding Interceptor Support
2026-04-24 10:29:57 [main] INFO  o.atmosphere.cpr.AtmosphereFramework - 	org.atmosphere.interceptor.AndroidAtmosphereInterceptor : Android Interceptor Support
2026-04-24 10:29:57 [main] INFO  o.atmosphere.cpr.AtmosphereFramework - 	org.atmosphere.interceptor.HeartbeatInterceptor : Heartbeat Interceptor Support
2026-04-24 10:29:57 [main] INFO  o.atmosphere.cpr.AtmosphereFramework - 	org.atmosphere.interceptor.SSEAtmosphereInterceptor : SSE Interceptor Support
2026-04-24 10:29:57 [main] INFO  o.atmosphere.cpr.AtmosphereFramework - 	org.atmosphere.interceptor.JSONPAtmosphereInterceptor : JSONP Interceptor Support
2026-04-24 10:29:57 [main] INFO  o.atmosphere.cpr.AtmosphereFramework - 	org.atmosphere.interceptor.JavaScriptProtocol : Atmosphere JavaScript Protocol
2026-04-24 10:29:57 [main] INFO  o.atmosphere.cpr.AtmosphereFramework - 	org.atmosphere.interceptor.WebSocketMessageSuspendInterceptor : org.atmosphere.interceptor.WebSocketMessageSuspendInterceptor
2026-04-24 10:29:57 [main] INFO  o.atmosphere.cpr.AtmosphereFramework - 	org.atmosphere.interceptor.OnDisconnectInterceptor : Browser disconnection detection
2026-04-24 10:29:57 [main] INFO  o.atmosphere.cpr.AtmosphereFramework - 	org.atmosphere.interceptor.IdleResourceInterceptor : org.atmosphere.interceptor.IdleResourceInterceptor
2026-04-24 10:29:57 [main] INFO  o.atmosphere.cpr.AtmosphereFramework - Set org.atmosphere.cpr.AtmosphereInterceptor.disableDefaults to disable them.
2026-04-24 10:29:57 [main] INFO  o.atmosphere.cpr.AtmosphereFramework - Installed AtmosphereInterceptor CORS Interceptor Support with priority FIRST_BEFORE_DEFAULT 
2026-04-24 10:29:57 [main] INFO  o.atmosphere.cpr.AtmosphereFramework - Installed AtmosphereInterceptor Default Response's Headers Interceptor with priority AFTER_DEFAULT 
2026-04-24 10:29:57 [main] INFO  o.atmosphere.cpr.AtmosphereFramework - Installed AtmosphereInterceptor Browser Padding Interceptor Support with priority AFTER_DEFAULT 
2026-04-24 10:29:57 [main] INFO  o.atmosphere.cpr.AtmosphereFramework - Installed AtmosphereInterceptor Android Interceptor Support with priority AFTER_DEFAULT 
2026-04-24 10:29:57 [main] INFO  o.a.interceptor.HeartbeatInterceptor - HeartbeatInterceptor configured with padding value 'X', client frequency 0 seconds and server frequency 60 seconds
2026-04-24 10:29:57 [main] INFO  o.atmosphere.cpr.AtmosphereFramework - Installed AtmosphereInterceptor Heartbeat Interceptor Support with priority AFTER_DEFAULT 
2026-04-24 10:29:57 [main] INFO  o.atmosphere.cpr.AtmosphereFramework - Installed AtmosphereInterceptor SSE Interceptor Support with priority AFTER_DEFAULT 
2026-04-24 10:29:57 [main] INFO  o.atmosphere.cpr.AtmosphereFramework - Installed AtmosphereInterceptor JSONP Interceptor Support with priority AFTER_DEFAULT 
2026-04-24 10:29:57 [main] INFO  o.atmosphere.cpr.AtmosphereFramework - Installed AtmosphereInterceptor Atmosphere JavaScript Protocol with priority AFTER_DEFAULT 
2026-04-24 10:29:57 [main] INFO  o.atmosphere.cpr.AtmosphereFramework - Installed AtmosphereInterceptor org.atmosphere.interceptor.WebSocketMessageSuspendInterceptor with priority AFTER_DEFAULT 
2026-04-24 10:29:57 [main] INFO  o.atmosphere.cpr.AtmosphereFramework - Installed AtmosphereInterceptor Browser disconnection detection with priority AFTER_DEFAULT 
2026-04-24 10:29:57 [main] INFO  o.atmosphere.cpr.AtmosphereFramework - Installed AtmosphereInterceptor org.atmosphere.interceptor.IdleResourceInterceptor with priority BEFORE_DEFAULT 
2026-04-24 10:29:57 [main] INFO  o.atmosphere.cpr.AtmosphereFramework - Using EndpointMapper class org.atmosphere.util.DefaultEndpointMapper
2026-04-24 10:29:57 [main] INFO  o.atmosphere.cpr.AtmosphereFramework - Using BroadcasterCache: org.atmosphere.cache.UUIDBroadcasterCache
2026-04-24 10:29:57 [main] INFO  o.atmosphere.cpr.AtmosphereFramework - Default Broadcaster Class: org.atmosphere.cpr.DefaultBroadcaster
2026-04-24 10:29:57 [main] INFO  o.atmosphere.cpr.AtmosphereFramework - Broadcaster Shared List Resources: false
2026-04-24 10:29:57 [main] INFO  o.atmosphere.cpr.AtmosphereFramework - Broadcaster Polling Wait Time 100
2026-04-24 10:29:57 [main] INFO  o.atmosphere.cpr.AtmosphereFramework - Shared ExecutorService supported: true
2026-04-24 10:29:57 [main] INFO  o.atmosphere.cpr.AtmosphereFramework - Messaging ExecutorService Pool Size unavailable - Not instance of ThreadPoolExecutor
2026-04-24 10:29:57 [main] INFO  o.atmosphere.cpr.AtmosphereFramework - Async I/O Thread Pool Size: 200
2026-04-24 10:29:57 [main] INFO  o.atmosphere.cpr.AtmosphereFramework - Using BroadcasterFactory: org.atmosphere.cpr.DefaultBroadcasterFactory
2026-04-24 10:29:57 [main] INFO  o.atmosphere.cpr.AtmosphereFramework - Using AtmosphereResurceFactory: org.atmosphere.cpr.DefaultAtmosphereResourceFactory
2026-04-24 10:29:57 [main] INFO  o.atmosphere.cpr.AtmosphereFramework - Using WebSocketProcessor: org.atmosphere.websocket.DefaultWebSocketProcessor
2026-04-24 10:29:57 [main] INFO  o.atmosphere.cpr.AtmosphereFramework - Invoke AtmosphereInterceptor on WebSocket message true
2026-04-24 10:29:57 [main] INFO  o.atmosphere.cpr.AtmosphereFramework - HttpSession supported: true
2026-04-24 10:29:57 [main] INFO  o.atmosphere.cpr.AtmosphereFramework - Atmosphere is using DefaultAtmosphereObjectFactory for dependency injection and object creation
2026-04-24 10:29:57 [main] INFO  o.atmosphere.cpr.AtmosphereFramework - Atmosphere is using async support: org.atmosphere.container.JSR356AsyncSupport running under container: Apache Tomcat/10.1.16 using jakarta.servlet/3.0 and jsr356/WebSocket API
2026-04-24 10:29:57 [main] INFO  o.atmosphere.cpr.AtmosphereFramework - Atmosphere Framework 3.0.3.slf4jvaadin2 started.
2026-04-24 10:29:57 [main] INFO  o.atmosphere.cpr.AtmosphereFramework - Installed AtmosphereInterceptor  Track Message Size Interceptor using | with priority BEFORE_DEFAULT 
2026-04-24 10:29:57 [main] INFO  o.a.coyote.http11.Http11NioProtocol - Starting ProtocolHandler ["http-nio-8080"]
2026-04-24 10:29:57 [main] INFO  c.v.f.s.DefaultDeploymentConfiguration - 
Vaadin is running in DEVELOPMENT mode - do not use for production deployments.
2026-04-24 10:29:57 [main] INFO  o.s.b.w.e.tomcat.TomcatWebServer - Tomcat started on port 8080 (http) with context path ''
2026-04-24 10:29:57 [main] INFO  com.facturacion.FacturacionApp - Started FacturacionApp in 7.128 seconds (process running for 8.218)
2026-04-24 10:29:57 [main] INFO  com.facturacion.FacturacionApp - Sistema iniciado correctamente en http://localhost:8080
2026-04-24 10:29:58 [http-nio-8080-exec-1] INFO  o.a.c.c.C.[Tomcat].[localhost].[/] - Initializing Spring DispatcherServlet 'dispatcherServlet'
2026-04-24 10:29:58 [http-nio-8080-exec-1] INFO  o.s.web.servlet.DispatcherServlet - Initializing Servlet 'dispatcherServlet'
2026-04-24 10:29:58 [http-nio-8080-exec-1] INFO  o.s.web.servlet.DispatcherServlet - Completed initialization in 0 ms
2026-04-24 10:29:59 [http-nio-8080-exec-2] INFO  c.v.flow.spring.SpringInstantiator - The number of beans implementing 'I18NProvider' is 0. Cannot use Spring beans for I18N, falling back to the default behavior
2026-04-24 10:30:01 [http-nio-8080-exec-3] INFO  com.zaxxer.hikari.HikariDataSource - FacturacionPool - Starting...
2026-04-24 10:30:02 [http-nio-8080-exec-3] INFO  com.zaxxer.hikari.pool.HikariPool - FacturacionPool - Added connection org.postgresql.jdbc.PgConnection@77e34bc1
2026-04-24 10:30:02 [http-nio-8080-exec-3] INFO  com.zaxxer.hikari.HikariDataSource - FacturacionPool - Start completed.
2026-04-24 10:30:02 [http-nio-8080-exec-3] INFO  c.f.config.DatabaseConnection - Pool de conexiones HikariCP inicializado correctamente.
2026-04-24 10:38:45 [http-nio-8080-exec-3] INFO  com.facturacion.dao.ClienteDAO - Cliente creado con ID=5
2026-04-24 11:37:37 [FacturacionPool housekeeper] WARN  com.zaxxer.hikari.pool.HikariPool - FacturacionPool - Thread starvation or clock leap detected (housekeeper delta=17m3s955ms267碌s200ns).
2026-04-24 11:57:46 [FacturacionPool housekeeper] WARN  com.zaxxer.hikari.pool.HikariPool - FacturacionPool - Thread starvation or clock leap detected (housekeeper delta=15m39s829ms502碌s500ns).
