2026-05-06 10:08:45 [main] INFO  com.facturacion.FacturacionApp - Iniciando Sistema de Facturación Electrónica...
2026-05-06 10:08:46 [background-preinit] INFO  o.h.validator.internal.util.Version - HV000001: Hibernate Validator 8.0.1.Final
2026-05-06 10:08:46 [main] INFO  com.facturacion.FacturacionApp - Starting FacturacionApp using Java 21.0.10 with PID 23124 (C:\Users\luis2\OneDrive\Desktop\facturacion-electronica\target\classes started by luis2 in C:\Users\luis2\OneDrive\Desktop\facturacion-electronica)
2026-05-06 10:08:46 [main] DEBUG com.facturacion.FacturacionApp - Running with Spring Boot v3.2.0, Spring v6.1.1
2026-05-06 10:08:46 [main] INFO  com.facturacion.FacturacionApp - No active profile set, falling back to 1 default profile: "default"
2026-05-06 10:08:48 [main] INFO  o.s.b.w.e.tomcat.TomcatWebServer - Tomcat initialized with port 8080 (http)
2026-05-06 10:08:48 [main] INFO  o.a.coyote.http11.Http11NioProtocol - Initializing ProtocolHandler ["http-nio-8080"]
2026-05-06 10:08:48 [main] INFO  o.a.catalina.core.StandardService - Starting service [Tomcat]
2026-05-06 10:08:48 [main] INFO  o.a.catalina.core.StandardEngine - Starting Servlet engine: [Apache Tomcat/10.1.16]
2026-05-06 10:08:48 [main] INFO  o.a.c.c.C.[Tomcat].[localhost].[/] - Initializing Spring embedded WebApplicationContext
2026-05-06 10:08:48 [main] INFO  o.s.b.w.s.c.ServletWebServerApplicationContext - Root WebApplicationContext: initialization completed in 2028 ms
2026-05-06 10:08:51 [main] INFO  c.v.f.s.VaadinServletContextInitializer - Search for subclasses and classes with annotations took 2389 ms
2026-05-06 10:08:52 [main] INFO  c.v.b.d.s.DevModeStartupListener - Starting dev-mode updaters in C:\Users\luis2\OneDrive\Desktop\facturacion-electronica\target folder.
2026-05-06 10:08:52 [main] INFO  c.v.f.s.f.s.FullDependenciesScanner - Visited 100 classes. Took 73 ms.
2026-05-06 10:08:52 [main] INFO  c.v.f.s.f.BundleValidationUtil - Checking if a development mode bundle build is needed
2026-05-06 10:08:53 [main] INFO  c.v.f.s.f.BundleValidationUtil - A development mode bundle build is not needed
2026-05-06 10:08:53 [ForkJoinPool.commonPool-worker-2] INFO  c.v.f.s.f.TaskCopyFrontendFiles - Copying frontend resources from jar files ...
2026-05-06 10:08:53 [ForkJoinPool.commonPool-worker-2] INFO  c.v.f.s.f.TaskCopyFrontendFiles - Visited 18 resources. Took 591 ms.
2026-05-06 10:08:54 [main] INFO  o.atmosphere.cpr.AtmosphereFramework - Installed AtmosphereHandler com.vaadin.flow.server.communication.PushAtmosphereHandler mapped to context-path: /*
2026-05-06 10:08:54 [main] INFO  o.atmosphere.cpr.AtmosphereFramework - Installed the following AtmosphereInterceptor mapped to AtmosphereHandler com.vaadin.flow.server.communication.PushAtmosphereHandler
2026-05-06 10:08:54 [main] INFO  o.atmosphere.cpr.AtmosphereFramework - Atmosphere is using org.atmosphere.util.VoidAnnotationProcessor for processing annotation
2026-05-06 10:08:54 [main] INFO  org.atmosphere.util.ForkJoinPool - Using ForkJoinPool  java.util.concurrent.ForkJoinPool. Set the org.atmosphere.cpr.broadcaster.maxAsyncWriteThreads to -1 to fully use its power.
2026-05-06 10:08:54 [main] INFO  o.atmosphere.cpr.AtmosphereFramework - Installed WebSocketProtocol org.atmosphere.websocket.protocol.SimpleHttpProtocol 
2026-05-06 10:08:54 [main] INFO  o.a.container.JSR356AsyncSupport - JSR 356 Mapping path /VAADIN/push
2026-05-06 10:08:54 [main] INFO  o.atmosphere.cpr.AtmosphereFramework - Installing Default AtmosphereInterceptors
2026-05-06 10:08:54 [main] INFO  o.atmosphere.cpr.AtmosphereFramework - 	org.atmosphere.interceptor.CorsInterceptor : CORS Interceptor Support
2026-05-06 10:08:54 [main] INFO  o.atmosphere.cpr.AtmosphereFramework - 	org.atmosphere.interceptor.CacheHeadersInterceptor : Default Response's Headers Interceptor
2026-05-06 10:08:54 [main] INFO  o.atmosphere.cpr.AtmosphereFramework - 	org.atmosphere.interceptor.PaddingAtmosphereInterceptor : Browser Padding Interceptor Support
2026-05-06 10:08:54 [main] INFO  o.atmosphere.cpr.AtmosphereFramework - 	org.atmosphere.interceptor.AndroidAtmosphereInterceptor : Android Interceptor Support
2026-05-06 10:08:54 [main] INFO  o.atmosphere.cpr.AtmosphereFramework - 	org.atmosphere.interceptor.HeartbeatInterceptor : Heartbeat Interceptor Support
2026-05-06 10:08:54 [main] INFO  o.atmosphere.cpr.AtmosphereFramework - 	org.atmosphere.interceptor.SSEAtmosphereInterceptor : SSE Interceptor Support
2026-05-06 10:08:54 [main] INFO  o.atmosphere.cpr.AtmosphereFramework - 	org.atmosphere.interceptor.JSONPAtmosphereInterceptor : JSONP Interceptor Support
2026-05-06 10:08:54 [main] INFO  o.atmosphere.cpr.AtmosphereFramework - 	org.atmosphere.interceptor.JavaScriptProtocol : Atmosphere JavaScript Protocol
2026-05-06 10:08:54 [main] INFO  o.atmosphere.cpr.AtmosphereFramework - 	org.atmosphere.interceptor.WebSocketMessageSuspendInterceptor : org.atmosphere.interceptor.WebSocketMessageSuspendInterceptor
2026-05-06 10:08:54 [main] INFO  o.atmosphere.cpr.AtmosphereFramework - 	org.atmosphere.interceptor.OnDisconnectInterceptor : Browser disconnection detection
2026-05-06 10:08:54 [main] INFO  o.atmosphere.cpr.AtmosphereFramework - 	org.atmosphere.interceptor.IdleResourceInterceptor : org.atmosphere.interceptor.IdleResourceInterceptor
2026-05-06 10:08:54 [main] INFO  o.atmosphere.cpr.AtmosphereFramework - Set org.atmosphere.cpr.AtmosphereInterceptor.disableDefaults to disable them.
2026-05-06 10:08:54 [main] INFO  o.atmosphere.cpr.AtmosphereFramework - Installed AtmosphereInterceptor CORS Interceptor Support with priority FIRST_BEFORE_DEFAULT 
2026-05-06 10:08:54 [main] INFO  o.atmosphere.cpr.AtmosphereFramework - Installed AtmosphereInterceptor Default Response's Headers Interceptor with priority AFTER_DEFAULT 
2026-05-06 10:08:54 [main] INFO  o.atmosphere.cpr.AtmosphereFramework - Installed AtmosphereInterceptor Browser Padding Interceptor Support with priority AFTER_DEFAULT 
2026-05-06 10:08:54 [main] INFO  o.atmosphere.cpr.AtmosphereFramework - Installed AtmosphereInterceptor Android Interceptor Support with priority AFTER_DEFAULT 
2026-05-06 10:08:54 [main] INFO  o.a.interceptor.HeartbeatInterceptor - HeartbeatInterceptor configured with padding value 'X', client frequency 0 seconds and server frequency 60 seconds
2026-05-06 10:08:54 [main] INFO  o.atmosphere.cpr.AtmosphereFramework - Installed AtmosphereInterceptor Heartbeat Interceptor Support with priority AFTER_DEFAULT 
2026-05-06 10:08:54 [main] INFO  o.atmosphere.cpr.AtmosphereFramework - Installed AtmosphereInterceptor SSE Interceptor Support with priority AFTER_DEFAULT 
2026-05-06 10:08:54 [main] INFO  o.atmosphere.cpr.AtmosphereFramework - Installed AtmosphereInterceptor JSONP Interceptor Support with priority AFTER_DEFAULT 
2026-05-06 10:08:54 [main] INFO  o.atmosphere.cpr.AtmosphereFramework - Installed AtmosphereInterceptor Atmosphere JavaScript Protocol with priority AFTER_DEFAULT 
2026-05-06 10:08:54 [main] INFO  o.atmosphere.cpr.AtmosphereFramework - Installed AtmosphereInterceptor org.atmosphere.interceptor.WebSocketMessageSuspendInterceptor with priority AFTER_DEFAULT 
2026-05-06 10:08:54 [main] INFO  o.atmosphere.cpr.AtmosphereFramework - Installed AtmosphereInterceptor Browser disconnection detection with priority AFTER_DEFAULT 
2026-05-06 10:08:54 [main] INFO  o.atmosphere.cpr.AtmosphereFramework - Installed AtmosphereInterceptor org.atmosphere.interceptor.IdleResourceInterceptor with priority BEFORE_DEFAULT 
2026-05-06 10:08:54 [main] INFO  o.atmosphere.cpr.AtmosphereFramework - Using EndpointMapper class org.atmosphere.util.DefaultEndpointMapper
2026-05-06 10:08:54 [main] INFO  o.atmosphere.cpr.AtmosphereFramework - Using BroadcasterCache: org.atmosphere.cache.UUIDBroadcasterCache
2026-05-06 10:08:54 [main] INFO  o.atmosphere.cpr.AtmosphereFramework - Default Broadcaster Class: org.atmosphere.cpr.DefaultBroadcaster
2026-05-06 10:08:54 [main] INFO  o.atmosphere.cpr.AtmosphereFramework - Broadcaster Shared List Resources: false
2026-05-06 10:08:54 [main] INFO  o.atmosphere.cpr.AtmosphereFramework - Broadcaster Polling Wait Time 100
2026-05-06 10:08:54 [main] INFO  o.atmosphere.cpr.AtmosphereFramework - Shared ExecutorService supported: true
2026-05-06 10:08:54 [main] INFO  o.atmosphere.cpr.AtmosphereFramework - Messaging ExecutorService Pool Size unavailable - Not instance of ThreadPoolExecutor
2026-05-06 10:08:54 [main] INFO  o.atmosphere.cpr.AtmosphereFramework - Async I/O Thread Pool Size: 200
2026-05-06 10:08:54 [main] INFO  o.atmosphere.cpr.AtmosphereFramework - Using BroadcasterFactory: org.atmosphere.cpr.DefaultBroadcasterFactory
2026-05-06 10:08:54 [main] INFO  o.atmosphere.cpr.AtmosphereFramework - Using AtmosphereResurceFactory: org.atmosphere.cpr.DefaultAtmosphereResourceFactory
2026-05-06 10:08:54 [main] INFO  o.atmosphere.cpr.AtmosphereFramework - Using WebSocketProcessor: org.atmosphere.websocket.DefaultWebSocketProcessor
2026-05-06 10:08:54 [main] INFO  o.atmosphere.cpr.AtmosphereFramework - Invoke AtmosphereInterceptor on WebSocket message true
2026-05-06 10:08:54 [main] INFO  o.atmosphere.cpr.AtmosphereFramework - HttpSession supported: true
2026-05-06 10:08:54 [main] INFO  o.atmosphere.cpr.AtmosphereFramework - Atmosphere is using DefaultAtmosphereObjectFactory for dependency injection and object creation
2026-05-06 10:08:54 [main] INFO  o.atmosphere.cpr.AtmosphereFramework - Atmosphere is using async support: org.atmosphere.container.JSR356AsyncSupport running under container: Apache Tomcat/10.1.16 using jakarta.servlet/3.0 and jsr356/WebSocket API
2026-05-06 10:08:54 [main] INFO  o.atmosphere.cpr.AtmosphereFramework - Atmosphere Framework 3.0.3.slf4jvaadin2 started.
2026-05-06 10:08:54 [main] INFO  o.atmosphere.cpr.AtmosphereFramework - Installed AtmosphereInterceptor  Track Message Size Interceptor using | with priority BEFORE_DEFAULT 
2026-05-06 10:08:54 [main] INFO  o.a.coyote.http11.Http11NioProtocol - Starting ProtocolHandler ["http-nio-8080"]
2026-05-06 10:08:54 [main] INFO  c.v.f.s.DefaultDeploymentConfiguration - 
Vaadin is running in DEVELOPMENT mode - do not use for production deployments.
2026-05-06 10:08:54 [main] INFO  o.s.b.w.e.tomcat.TomcatWebServer - Tomcat started on port 8080 (http) with context path ''
2026-05-06 10:08:54 [main] INFO  com.facturacion.FacturacionApp - Started FacturacionApp in 8.408 seconds (process running for 9.836)
2026-05-06 10:08:54 [main] INFO  com.facturacion.FacturacionApp - Sistema iniciado correctamente en http://localhost:8080
2026-05-06 10:08:57 [http-nio-8080-exec-1] INFO  o.a.c.c.C.[Tomcat].[localhost].[/] - Initializing Spring DispatcherServlet 'dispatcherServlet'
2026-05-06 10:08:57 [http-nio-8080-exec-1] INFO  o.s.web.servlet.DispatcherServlet - Initializing Servlet 'dispatcherServlet'
2026-05-06 10:08:57 [http-nio-8080-exec-1] INFO  o.s.web.servlet.DispatcherServlet - Completed initialization in 0 ms
2026-05-06 10:08:57 [http-nio-8080-exec-1] INFO  c.v.flow.spring.SpringInstantiator - The number of beans implementing 'I18NProvider' is 0. Cannot use Spring beans for I18N, falling back to the default behavior
2026-05-06 10:09:00 [http-nio-8080-exec-9] INFO  com.zaxxer.hikari.HikariDataSource - FacturacionPool - Starting...
2026-05-06 10:09:00 [http-nio-8080-exec-9] INFO  com.zaxxer.hikari.pool.HikariPool - FacturacionPool - Added connection org.postgresql.jdbc.PgConnection@10bd2ebc
2026-05-06 10:09:00 [http-nio-8080-exec-9] INFO  com.zaxxer.hikari.HikariDataSource - FacturacionPool - Start completed.
2026-05-06 10:09:00 [http-nio-8080-exec-9] INFO  c.f.config.DatabaseConnection - Pool de conexiones HikariCP inicializado correctamente.
2026-05-06 10:43:22 [FacturacionPool housekeeper] WARN  com.zaxxer.hikari.pool.HikariPool - FacturacionPool - Thread starvation or clock leap detected (housekeeper delta=1m21s942ms171µs700ns).
2026-05-06 11:40:00 [FacturacionPool housekeeper] WARN  com.zaxxer.hikari.pool.HikariPool - FacturacionPool - Thread starvation or clock leap detected (housekeeper delta=52m35s869ms506µs100ns).
2026-05-06 11:40:48 [FacturacionPool housekeeper] WARN  com.zaxxer.hikari.pool.HikariPool - FacturacionPool - Thread starvation or clock leap detected (housekeeper delta=47s190ms593µs400ns).
